<?xml version="1.0" encoding="ISO-8859-1" ?>
<link_info>
   <banner>TI ARM Linker PC v20.2.7.LTS</banner>
   <copyright>Copyright (c) 1996-2018 Texas Instruments Incorporated</copyright>
   <link_time>0x681ae09e</link_time>
   <link_errors>0x0</link_errors>
   <output_file>lab3.out</output_file>
   <entry_point>
      <name>_c_int00_noargs</name>
      <address>0x20009fa5</address>
   </entry_point>
   <input_file_list>
      <input_file id="fl-2">
         <path>.\</path>
         <kind>object</kind>
         <file>Adafruit_GFX.obj</file>
         <name>Adafruit_GFX.obj</name>
      </input_file>
      <input_file id="fl-3">
         <path>.\</path>
         <kind>object</kind>
         <file>Adafruit_OLED.obj</file>
         <name>Adafruit_OLED.obj</name>
      </input_file>
      <input_file id="fl-4">
         <path>.\</path>
         <kind>object</kind>
         <file>gpio_if.obj</file>
         <name>gpio_if.obj</name>
      </input_file>
      <input_file id="fl-5">
         <path>.\</path>
         <kind>object</kind>
         <file>main.obj</file>
         <name>main.obj</name>
      </input_file>
      <input_file id="fl-6">
         <path>.\</path>
         <kind>object</kind>
         <file>oled_test.obj</file>
         <name>oled_test.obj</name>
      </input_file>
      <input_file id="fl-7">
         <path>.\</path>
         <kind>object</kind>
         <file>pin_mux_config.obj</file>
         <name>pin_mux_config.obj</name>
      </input_file>
      <input_file id="fl-8">
         <path>.\</path>
         <kind>object</kind>
         <file>startup_ccs.obj</file>
         <name>startup_ccs.obj</name>
      </input_file>
      <input_file id="fl-9">
         <path>.\</path>
         <kind>object</kind>
         <file>timer_if.obj</file>
         <name>timer_if.obj</name>
      </input_file>
      <input_file id="fl-a">
         <path>.\</path>
         <kind>object</kind>
         <file>uart_if.obj</file>
         <name>uart_if.obj</name>
      </input_file>
      <input_file id="fl-f">
         <kind>object</kind>
         <file>&lt;internal&gt;</file>
         <name>&lt;internal&gt;</name>
      </input_file>
      <input_file id="fl-10">
         <path>C:\TI\CC3200SDK_1.5.0\cc3200-sdk\driverlib\ccs\Release\</path>
         <kind>archive</kind>
         <file>driverlib.a</file>
         <name>gpio.obj</name>
      </input_file>
      <input_file id="fl-11">
         <path>C:\TI\CC3200SDK_1.5.0\cc3200-sdk\driverlib\ccs\Release\</path>
         <kind>archive</kind>
         <file>driverlib.a</file>
         <name>interrupt.obj</name>
      </input_file>
      <input_file id="fl-12">
         <path>C:\TI\CC3200SDK_1.5.0\cc3200-sdk\driverlib\ccs\Release\</path>
         <kind>archive</kind>
         <file>driverlib.a</file>
         <name>pin.obj</name>
      </input_file>
      <input_file id="fl-13">
         <path>C:\TI\CC3200SDK_1.5.0\cc3200-sdk\driverlib\ccs\Release\</path>
         <kind>archive</kind>
         <file>driverlib.a</file>
         <name>prcm.obj</name>
      </input_file>
      <input_file id="fl-14">
         <path>C:\TI\CC3200SDK_1.5.0\cc3200-sdk\driverlib\ccs\Release\</path>
         <kind>archive</kind>
         <file>driverlib.a</file>
         <name>spi.obj</name>
      </input_file>
      <input_file id="fl-15">
         <path>C:\TI\CC3200SDK_1.5.0\cc3200-sdk\driverlib\ccs\Release\</path>
         <kind>archive</kind>
         <file>driverlib.a</file>
         <name>timer.obj</name>
      </input_file>
      <input_file id="fl-16">
         <path>C:\TI\CC3200SDK_1.5.0\cc3200-sdk\driverlib\ccs\Release\</path>
         <kind>archive</kind>
         <file>driverlib.a</file>
         <name>uart.obj</name>
      </input_file>
      <input_file id="fl-17">
         <path>C:\TI\CC3200SDK_1.5.0\cc3200-sdk\driverlib\ccs\Release\</path>
         <kind>archive</kind>
         <file>driverlib.a</file>
         <name>utils.obj</name>
      </input_file>
      <input_file id="fl-18">
         <path>C:\TI\CC3200SDK_1.5.0\cc3200-sdk\driverlib\ccs\Release\</path>
         <kind>archive</kind>
         <file>driverlib.a</file>
         <name>cpu.obj</name>
      </input_file>
      <input_file id="fl-19">
         <path>C:\TI\CC3200SDK_1.5.0\cc3200-sdk\driverlib\ccs\Release\</path>
         <kind>archive</kind>
         <file>driverlib.a</file>
         <name>flash.obj</name>
      </input_file>
      <input_file id="fl-cf">
         <path>C:\TI\ccs1250\ccs\tools\compiler\ti-cgt-arm_20.2.7.LTS\lib\</path>
         <kind>archive</kind>
         <file>rtsv7M4_T_le_eabi.lib</file>
         <name>vsnprintf.c.obj</name>
      </input_file>
      <input_file id="fl-d0">
         <path>C:\TI\ccs1250\ccs\tools\compiler\ti-cgt-arm_20.2.7.LTS\lib\</path>
         <kind>archive</kind>
         <file>rtsv7M4_T_le_eabi.lib</file>
         <name>fs_cmp_t2.asm.obj</name>
      </input_file>
      <input_file id="fl-d1">
         <path>C:\TI\ccs1250\ccs\tools\compiler\ti-cgt-arm_20.2.7.LTS\lib\</path>
         <kind>archive</kind>
         <file>rtsv7M4_T_le_eabi.lib</file>
         <name>fs_div_t2.asm.obj</name>
      </input_file>
      <input_file id="fl-d2">
         <path>C:\TI\ccs1250\ccs\tools\compiler\ti-cgt-arm_20.2.7.LTS\lib\</path>
         <kind>archive</kind>
         <file>rtsv7M4_T_le_eabi.lib</file>
         <name>memcpy_t2.asm.obj</name>
      </input_file>
      <input_file id="fl-d3">
         <path>C:\TI\ccs1250\ccs\tools\compiler\ti-cgt-arm_20.2.7.LTS\lib\</path>
         <kind>archive</kind>
         <file>rtsv7M4_T_le_eabi.lib</file>
         <name>u_tofs_t2.asm.obj</name>
      </input_file>
      <input_file id="fl-d4">
         <path>C:\TI\ccs1250\ccs\tools\compiler\ti-cgt-arm_20.2.7.LTS\lib\</path>
         <kind>archive</kind>
         <file>rtsv7M4_T_le_eabi.lib</file>
         <name>memset_t2.asm.obj</name>
      </input_file>
      <input_file id="fl-d5">
         <path>C:\TI\ccs1250\ccs\tools\compiler\ti-cgt-arm_20.2.7.LTS\lib\</path>
         <kind>archive</kind>
         <file>rtsv7M4_T_le_eabi.lib</file>
         <name>ull_div_t2.asm.obj</name>
      </input_file>
      <input_file id="fl-d6">
         <path>C:\TI\ccs1250\ccs\tools\compiler\ti-cgt-arm_20.2.7.LTS\lib\</path>
         <kind>archive</kind>
         <file>rtsv7M4_T_le_eabi.lib</file>
         <name>copy_zero_init.c.obj</name>
      </input_file>
      <input_file id="fl-d7">
         <path>C:\TI\ccs1250\ccs\tools\compiler\ti-cgt-arm_20.2.7.LTS\lib\</path>
         <kind>archive</kind>
         <file>rtsv7M4_T_le_eabi.lib</file>
         <name>copy_decompress_none.c.obj</name>
      </input_file>
      <input_file id="fl-d8">
         <path>C:\TI\ccs1250\ccs\tools\compiler\ti-cgt-arm_20.2.7.LTS\lib\</path>
         <kind>archive</kind>
         <file>rtsv7M4_T_le_eabi.lib</file>
         <name>copy_decompress_lzss.c.obj</name>
      </input_file>
      <input_file id="fl-d9">
         <path>C:\TI\ccs1250\ccs\tools\compiler\ti-cgt-arm_20.2.7.LTS\lib\</path>
         <kind>archive</kind>
         <file>rtsv7M4_T_le_eabi.lib</file>
         <name>memmov.c.obj</name>
      </input_file>
      <input_file id="fl-da">
         <path>C:\TI\ccs1250\ccs\tools\compiler\ti-cgt-arm_20.2.7.LTS\lib\</path>
         <kind>archive</kind>
         <file>rtsv7M4_T_le_eabi.lib</file>
         <name>memory.c.obj</name>
      </input_file>
      <input_file id="fl-db">
         <path>C:\TI\ccs1250\ccs\tools\compiler\ti-cgt-arm_20.2.7.LTS\lib\</path>
         <kind>archive</kind>
         <file>rtsv7M4_T_le_eabi.lib</file>
         <name>strlen.c.obj</name>
      </input_file>
      <input_file id="fl-dc">
         <path>C:\TI\ccs1250\ccs\tools\compiler\ti-cgt-arm_20.2.7.LTS\lib\</path>
         <kind>archive</kind>
         <file>rtsv7M4_T_le_eabi.lib</file>
         <name>boot_cortex_m.c.obj</name>
      </input_file>
      <input_file id="fl-dd">
         <path>C:\TI\ccs1250\ccs\tools\compiler\ti-cgt-arm_20.2.7.LTS\lib\</path>
         <kind>archive</kind>
         <file>rtsv7M4_T_le_eabi.lib</file>
         <name>_printfi.c.obj</name>
      </input_file>
      <input_file id="fl-de">
         <path>C:\TI\ccs1250\ccs\tools\compiler\ti-cgt-arm_20.2.7.LTS\lib\</path>
         <kind>archive</kind>
         <file>rtsv7M4_T_le_eabi.lib</file>
         <name>div0.asm.obj</name>
      </input_file>
      <input_file id="fl-df">
         <path>C:\TI\ccs1250\ccs\tools\compiler\ti-cgt-arm_20.2.7.LTS\lib\</path>
         <kind>archive</kind>
         <file>rtsv7M4_T_le_eabi.lib</file>
         <name>fd_add_t2.asm.obj</name>
      </input_file>
      <input_file id="fl-e0">
         <path>C:\TI\ccs1250\ccs\tools\compiler\ti-cgt-arm_20.2.7.LTS\lib\</path>
         <kind>archive</kind>
         <file>rtsv7M4_T_le_eabi.lib</file>
         <name>fd_cmp_t2.asm.obj</name>
      </input_file>
      <input_file id="fl-e1">
         <path>C:\TI\ccs1250\ccs\tools\compiler\ti-cgt-arm_20.2.7.LTS\lib\</path>
         <kind>archive</kind>
         <file>rtsv7M4_T_le_eabi.lib</file>
         <name>fd_div_t2.asm.obj</name>
      </input_file>
      <input_file id="fl-e2">
         <path>C:\TI\ccs1250\ccs\tools\compiler\ti-cgt-arm_20.2.7.LTS\lib\</path>
         <kind>archive</kind>
         <file>rtsv7M4_T_le_eabi.lib</file>
         <name>fd_mul_t2.asm.obj</name>
      </input_file>
      <input_file id="fl-e3">
         <path>C:\TI\ccs1250\ccs\tools\compiler\ti-cgt-arm_20.2.7.LTS\lib\</path>
         <kind>archive</kind>
         <file>rtsv7M4_T_le_eabi.lib</file>
         <name>fd_toi_t2.asm.obj</name>
      </input_file>
      <input_file id="fl-e4">
         <path>C:\TI\ccs1250\ccs\tools\compiler\ti-cgt-arm_20.2.7.LTS\lib\</path>
         <kind>archive</kind>
         <file>rtsv7M4_T_le_eabi.lib</file>
         <name>i_tofd_t2.asm.obj</name>
      </input_file>
      <input_file id="fl-e5">
         <path>C:\TI\ccs1250\ccs\tools\compiler\ti-cgt-arm_20.2.7.LTS\lib\</path>
         <kind>archive</kind>
         <file>rtsv7M4_T_le_eabi.lib</file>
         <name>autoinit.c.obj</name>
      </input_file>
      <input_file id="fl-e6">
         <path>C:\TI\ccs1250\ccs\tools\compiler\ti-cgt-arm_20.2.7.LTS\lib\</path>
         <kind>archive</kind>
         <file>rtsv7M4_T_le_eabi.lib</file>
         <name>pre_init.c.obj</name>
      </input_file>
      <input_file id="fl-e7">
         <path>C:\TI\ccs1250\ccs\tools\compiler\ti-cgt-arm_20.2.7.LTS\lib\</path>
         <kind>archive</kind>
         <file>rtsv7M4_T_le_eabi.lib</file>
         <name>cpy_tbl.c.obj</name>
      </input_file>
      <input_file id="fl-e8">
         <path>C:\TI\ccs1250\ccs\tools\compiler\ti-cgt-arm_20.2.7.LTS\lib\</path>
         <kind>archive</kind>
         <file>rtsv7M4_T_le_eabi.lib</file>
         <name>exit.c.obj</name>
      </input_file>
      <input_file id="fl-e9">
         <path>C:\TI\ccs1250\ccs\tools\compiler\ti-cgt-arm_20.2.7.LTS\lib\</path>
         <kind>archive</kind>
         <file>rtsv7M4_T_le_eabi.lib</file>
         <name>_lock.c.obj</name>
      </input_file>
      <input_file id="fl-ea">
         <path>C:\TI\ccs1250\ccs\tools\compiler\ti-cgt-arm_20.2.7.LTS\lib\</path>
         <kind>archive</kind>
         <file>rtsv7M4_T_le_eabi.lib</file>
         <name>_ltoa.c.obj</name>
      </input_file>
      <input_file id="fl-eb">
         <path>C:\TI\ccs1250\ccs\tools\compiler\ti-cgt-arm_20.2.7.LTS\lib\</path>
         <kind>archive</kind>
         <file>rtsv7M4_T_le_eabi.lib</file>
         <name>args_main.c.obj</name>
      </input_file>
      <input_file id="fl-ec">
         <path>C:\TI\ccs1250\ccs\tools\compiler\ti-cgt-arm_20.2.7.LTS\lib\</path>
         <kind>archive</kind>
         <file>rtsv7M4_T_le_eabi.lib</file>
         <name>atoi.c.obj</name>
      </input_file>
      <input_file id="fl-ed">
         <path>C:\TI\ccs1250\ccs\tools\compiler\ti-cgt-arm_20.2.7.LTS\lib\</path>
         <kind>archive</kind>
         <file>rtsv7M4_T_le_eabi.lib</file>
         <name>ctype.c.obj</name>
      </input_file>
      <input_file id="fl-ee">
         <path>C:\TI\ccs1250\ccs\tools\compiler\ti-cgt-arm_20.2.7.LTS\lib\</path>
         <kind>archive</kind>
         <file>rtsv7M4_T_le_eabi.lib</file>
         <name>memccpy.c.obj</name>
      </input_file>
      <input_file id="fl-ef">
         <path>C:\TI\ccs1250\ccs\tools\compiler\ti-cgt-arm_20.2.7.LTS\lib\</path>
         <kind>archive</kind>
         <file>rtsv7M4_T_le_eabi.lib</file>
         <name>strchr.c.obj</name>
      </input_file>
      <input_file id="fl-f0">
         <path>C:\TI\ccs1250\ccs\tools\compiler\ti-cgt-arm_20.2.7.LTS\lib\</path>
         <kind>archive</kind>
         <file>rtsv7M4_T_le_eabi.lib</file>
         <name>errno.c.obj</name>
      </input_file>
      <input_file id="fl-f1">
         <path>C:\TI\ccs1250\ccs\tools\compiler\ti-cgt-arm_20.2.7.LTS\lib\</path>
         <kind>archive</kind>
         <file>rtsv7M4_T_le_eabi.lib</file>
         <name>wcslen.c.obj</name>
      </input_file>
      <input_file id="fl-f2">
         <path>C:\TI\ccs1250\ccs\tools\compiler\ti-cgt-arm_20.2.7.LTS\lib\</path>
         <kind>archive</kind>
         <file>rtsv7M4_T_le_eabi.lib</file>
         <name>s_frexp.c.obj</name>
      </input_file>
      <input_file id="fl-f3">
         <path>C:\TI\ccs1250\ccs\tools\compiler\ti-cgt-arm_20.2.7.LTS\lib\</path>
         <kind>archive</kind>
         <file>rtsv7M4_T_le_eabi.lib</file>
         <name>s_scalbn.c.obj</name>
      </input_file>
      <input_file id="fl-f4">
         <path>C:\TI\ccs1250\ccs\tools\compiler\ti-cgt-arm_20.2.7.LTS\lib\</path>
         <kind>archive</kind>
         <file>rtsv7M4_T_le_eabi.lib</file>
         <name>s_copysign.c.obj</name>
      </input_file>
   </input_file_list>
   <object_component_list>
      <object_component id="oc-12">
         <name>.intvecs</name>
         <load_address>0x20004000</load_address>
         <run_address>0x20004000</run_address>
         <size>0x400</size>
         <input_file_ref idref="fl-8"/>
      </object_component>
      <object_component id="oc-97">
         <name>.text</name>
         <load_address>0x20004400</load_address>
         <run_address>0x20004400</run_address>
         <size>0xf44</size>
         <input_file_ref idref="fl-5"/>
      </object_component>
      <object_component id="oc-2c8">
         <name>.text</name>
         <load_address>0x20005344</load_address>
         <run_address>0x20005344</run_address>
         <size>0xa80</size>
         <input_file_ref idref="fl-2"/>
      </object_component>
      <object_component id="oc-35d">
         <name>.text:__TI_printfi</name>
         <load_address>0x20005dc4</load_address>
         <run_address>0x20005dc4</run_address>
         <size>0xa4e</size>
         <input_file_ref idref="fl-dd"/>
      </object_component>
      <object_component id="oc-113">
         <name>.text</name>
         <load_address>0x20006812</load_address>
         <run_address>0x20006812</run_address>
         <size>0x906</size>
         <input_file_ref idref="fl-6"/>
      </object_component>
      <object_component id="oc-10d">
         <name>.text</name>
         <load_address>0x20007118</load_address>
         <run_address>0x20007118</run_address>
         <size>0x4b6</size>
         <input_file_ref idref="fl-3"/>
      </object_component>
      <object_component id="oc-484">
         <name>.text:IntDefaultHandler</name>
         <load_address>0x200075ce</load_address>
         <run_address>0x200075ce</run_address>
         <size>0x2</size>
         <input_file_ref idref="fl-11"/>
      </object_component>
      <object_component id="oc-e9">
         <name>.text</name>
         <load_address>0x200075d0</load_address>
         <run_address>0x200075d0</run_address>
         <size>0x398</size>
         <input_file_ref idref="fl-4"/>
      </object_component>
      <object_component id="oc-d7">
         <name>.text</name>
         <load_address>0x20007968</load_address>
         <run_address>0x20007968</run_address>
         <size>0x27c</size>
         <input_file_ref idref="fl-a"/>
      </object_component>
      <object_component id="oc-44b">
         <name>.text:_pconv_a</name>
         <load_address>0x20007be4</load_address>
         <run_address>0x20007be4</run_address>
         <size>0x268</size>
         <input_file_ref idref="fl-dd"/>
      </object_component>
      <object_component id="oc-439">
         <name>.text:_pconv_g</name>
         <load_address>0x20007e4c</load_address>
         <run_address>0x20007e4c</run_address>
         <size>0x1cc</size>
         <input_file_ref idref="fl-dd"/>
      </object_component>
      <object_component id="oc-4d5">
         <name>.text</name>
         <load_address>0x20008018</load_address>
         <run_address>0x20008018</run_address>
         <size>0x1b6</size>
         <input_file_ref idref="fl-df"/>
      </object_component>
      <object_component id="oc-409">
         <name>.text:_nop</name>
         <load_address>0x200081ce</load_address>
         <run_address>0x200081ce</run_address>
         <size>0x2</size>
         <input_file_ref idref="fl-e9"/>
      </object_component>
      <object_component id="oc-e3">
         <name>.text</name>
         <load_address>0x200081d0</load_address>
         <run_address>0x200081d0</run_address>
         <size>0x198</size>
         <input_file_ref idref="fl-9"/>
      </object_component>
      <object_component id="oc-101">
         <name>.text:PRCMCC3200MCUInit</name>
         <load_address>0x20008368</load_address>
         <run_address>0x20008368</run_address>
         <size>0x178</size>
         <input_file_ref idref="fl-13"/>
      </object_component>
      <object_component id="oc-445">
         <name>.text:_pconv_e</name>
         <load_address>0x200084e0</load_address>
         <run_address>0x200084e0</run_address>
         <size>0x13c</size>
         <input_file_ref idref="fl-dd"/>
      </object_component>
      <object_component id="oc-4bb">
         <name>.text</name>
         <load_address>0x2000861c</load_address>
         <run_address>0x2000861c</run_address>
         <size>0x136</size>
         <input_file_ref idref="fl-e1"/>
      </object_component>
      <object_component id="oc-52e">
         <name>.text</name>
         <load_address>0x20008752</load_address>
         <run_address>0x20008752</run_address>
         <size>0x2</size>
         <input_file_ref idref="fl-de"/>
      </object_component>
      <object_component id="oc-16d">
         <name>.text</name>
         <load_address>0x20008754</load_address>
         <run_address>0x20008754</run_address>
         <size>0x130</size>
         <input_file_ref idref="fl-7"/>
      </object_component>
      <object_component id="oc-4e7">
         <name>.text:fcvt</name>
         <load_address>0x20008884</load_address>
         <run_address>0x20008884</run_address>
         <size>0x120</size>
         <input_file_ref idref="fl-dd"/>
      </object_component>
      <object_component id="oc-37d">
         <name>.text:aligned_alloc</name>
         <load_address>0x200089a4</load_address>
         <run_address>0x200089a4</run_address>
         <size>0x100</size>
         <input_file_ref idref="fl-da"/>
      </object_component>
      <object_component id="oc-4b6">
         <name>.text</name>
         <load_address>0x20008aa4</load_address>
         <run_address>0x20008aa4</run_address>
         <size>0xfc</size>
         <input_file_ref idref="fl-e2"/>
      </object_component>
      <object_component id="oc-225">
         <name>.text:free</name>
         <load_address>0x20008ba0</load_address>
         <run_address>0x20008ba0</run_address>
         <size>0xe4</size>
         <input_file_ref idref="fl-da"/>
      </object_component>
      <object_component id="oc-21f">
         <name>.text:realloc</name>
         <load_address>0x20008c84</load_address>
         <run_address>0x20008c84</run_address>
         <size>0xe4</size>
         <input_file_ref idref="fl-da"/>
      </object_component>
      <object_component id="oc-4fb">
         <name>.text:scalbn</name>
         <load_address>0x20008d68</load_address>
         <run_address>0x20008d68</run_address>
         <size>0xd0</size>
         <input_file_ref idref="fl-f3"/>
      </object_component>
      <object_component id="oc-42e">
         <name>.text:_ltostr</name>
         <load_address>0x20008e38</load_address>
         <run_address>0x20008e38</run_address>
         <size>0xb1</size>
         <input_file_ref idref="fl-dd"/>
      </object_component>
      <object_component id="oc-3b2">
         <name>.text:IntDisable</name>
         <load_address>0x20008eec</load_address>
         <run_address>0x20008eec</run_address>
         <size>0xa8</size>
         <input_file_ref idref="fl-11"/>
      </object_component>
      <object_component id="oc-fb">
         <name>.text:IntEnable</name>
         <load_address>0x20008f94</load_address>
         <run_address>0x20008f94</run_address>
         <size>0xa8</size>
         <input_file_ref idref="fl-11"/>
      </object_component>
      <object_component id="oc-161">
         <name>.text:SPIConfigSetExpClk</name>
         <load_address>0x2000903c</load_address>
         <run_address>0x2000903c</run_address>
         <size>0xa0</size>
         <input_file_ref idref="fl-14"/>
      </object_component>
      <object_component id="oc-3d">
         <name>.text</name>
         <load_address>0x200090dc</load_address>
         <run_address>0x200090dc</run_address>
         <size>0x9c</size>
         <input_file_ref idref="fl-d2"/>
      </object_component>
      <object_component id="oc-4af">
         <name>.text</name>
         <load_address>0x20009178</load_address>
         <run_address>0x20009178</run_address>
         <size>0x96</size>
         <input_file_ref idref="fl-d5"/>
      </object_component>
      <object_component id="oc-15b">
         <name>.text:PRCMPeripheralClockGet</name>
         <load_address>0x20009210</load_address>
         <run_address>0x20009210</run_address>
         <size>0x94</size>
         <input_file_ref idref="fl-13"/>
      </object_component>
      <object_component id="oc-145">
         <name>.text</name>
         <load_address>0x200092a4</load_address>
         <run_address>0x200092a4</run_address>
         <size>0x92</size>
         <input_file_ref idref="fl-d1"/>
      </object_component>
      <object_component id="oc-3e8">
         <name>.text:PinConfigSet</name>
         <load_address>0x20009338</load_address>
         <run_address>0x20009338</run_address>
         <size>0x88</size>
         <input_file_ref idref="fl-12"/>
      </object_component>
      <object_component id="oc-434">
         <name>.text:__aeabi_cdcmple</name>
         <load_address>0x200093c0</load_address>
         <run_address>0x200093c0</run_address>
         <size>0x86</size>
         <input_file_ref idref="fl-e0"/>
      </object_component>
      <object_component id="oc-4c0">
         <name>.text:__aeabi_cdrcmple</name>
         <load_address>0x20009446</load_address>
         <run_address>0x20009446</run_address>
         <size>0x86</size>
         <input_file_ref idref="fl-e0"/>
      </object_component>
      <object_component id="oc-1b5">
         <name>.text:GPIOIntTypeSet</name>
         <load_address>0x200094cc</load_address>
         <run_address>0x200094cc</run_address>
         <size>0x82</size>
         <input_file_ref idref="fl-10"/>
      </object_component>
      <object_component id="oc-8b">
         <name>.text</name>
         <load_address>0x2000954e</load_address>
         <run_address>0x2000954e</run_address>
         <size>0x7a</size>
         <input_file_ref idref="fl-d4"/>
      </object_component>
      <object_component id="oc-179">
         <name>.text:UARTConfigSetExpClk</name>
         <load_address>0x200095c8</load_address>
         <run_address>0x200095c8</run_address>
         <size>0x76</size>
         <input_file_ref idref="fl-16"/>
      </object_component>
      <object_component id="oc-247">
         <name>.text:TimerIntRegister</name>
         <load_address>0x20009640</load_address>
         <run_address>0x20009640</run_address>
         <size>0x70</size>
         <input_file_ref idref="fl-15"/>
      </object_component>
      <object_component id="oc-38a">
         <name>.text:split</name>
         <load_address>0x200096b0</load_address>
         <run_address>0x200096b0</run_address>
         <size>0x70</size>
         <input_file_ref idref="fl-da"/>
      </object_component>
      <object_component id="oc-4e0">
         <name>.text:_mcpy</name>
         <load_address>0x20009720</load_address>
         <run_address>0x20009720</run_address>
         <size>0x6e</size>
         <input_file_ref idref="fl-dd"/>
      </object_component>
      <object_component id="oc-26b">
         <name>.text:TimerIntUnregister</name>
         <load_address>0x20009790</load_address>
         <run_address>0x20009790</run_address>
         <size>0x68</size>
         <input_file_ref idref="fl-15"/>
      </object_component>
      <object_component id="oc-15">
         <name>.text:decompress:lzss:__TI_decompress_lzss</name>
         <load_address>0x200097f8</load_address>
         <run_address>0x200097f8</run_address>
         <size>0x68</size>
         <input_file_ref idref="fl-d8"/>
      </object_component>
      <object_component id="oc-14a">
         <name>.text:__aeabi_cfrcmple</name>
         <load_address>0x20009860</load_address>
         <run_address>0x20009860</run_address>
         <size>0x60</size>
         <input_file_ref idref="fl-d0"/>
      </object_component>
      <object_component id="oc-4f5">
         <name>.text:frexp</name>
         <load_address>0x200098c0</load_address>
         <run_address>0x200098c0</run_address>
         <size>0x5c</size>
         <input_file_ref idref="fl-f2"/>
      </object_component>
      <object_component id="oc-173">
         <name>.text:PRCMPeripheralReset</name>
         <load_address>0x2000991c</load_address>
         <run_address>0x2000991c</run_address>
         <size>0x58</size>
         <input_file_ref idref="fl-13"/>
      </object_component>
      <object_component id="oc-43f">
         <name>.text:_pconv_f</name>
         <load_address>0x20009974</load_address>
         <run_address>0x20009974</run_address>
         <size>0x56</size>
         <input_file_ref idref="fl-dd"/>
      </object_component>
      <object_component id="oc-241">
         <name>.text:IntPrioritySet</name>
         <load_address>0x200099cc</load_address>
         <run_address>0x200099cc</run_address>
         <size>0x54</size>
         <input_file_ref idref="fl-11"/>
      </object_component>
      <object_component id="oc-4ca">
         <name>.text:__TI_ltoa</name>
         <load_address>0x20009a20</load_address>
         <run_address>0x20009a20</run_address>
         <size>0x54</size>
         <input_file_ref idref="fl-ea"/>
      </object_component>
      <object_component id="oc-4da">
         <name>.text:_ecpy</name>
         <load_address>0x20009a74</load_address>
         <run_address>0x20009a74</run_address>
         <size>0x52</size>
         <input_file_ref idref="fl-dd"/>
      </object_component>
      <object_component id="oc-428">
         <name>.text:atoi</name>
         <load_address>0x20009ac8</load_address>
         <run_address>0x20009ac8</run_address>
         <size>0x4c</size>
         <input_file_ref idref="fl-ec"/>
      </object_component>
      <object_component id="oc-333">
         <name>.text:GPIOGetIntNumber</name>
         <load_address>0x20009b14</load_address>
         <run_address>0x20009b14</run_address>
         <size>0x48</size>
         <input_file_ref idref="fl-10"/>
      </object_component>
      <object_component id="oc-4c5">
         <name>.text</name>
         <load_address>0x20009b5c</load_address>
         <run_address>0x20009b5c</run_address>
         <size>0x48</size>
         <input_file_ref idref="fl-e3"/>
      </object_component>
      <object_component id="oc-19d">
         <name>.text:TimerConfigure</name>
         <load_address>0x20009ba4</load_address>
         <run_address>0x20009ba4</run_address>
         <size>0x44</size>
         <input_file_ref idref="fl-15"/>
      </object_component>
      <object_component id="oc-31e">
         <name>.text:UARTIntNumberGet</name>
         <load_address>0x20009be8</load_address>
         <run_address>0x20009be8</run_address>
         <size>0x44</size>
         <input_file_ref idref="fl-16"/>
      </object_component>
      <object_component id="oc-1d3">
         <name>.text:__TI_auto_init_nobinit_nopinit:__TI_auto_init_nobinit_nopinit</name>
         <load_address>0x20009c2c</load_address>
         <run_address>0x20009c2c</run_address>
         <size>0x44</size>
         <input_file_ref idref="fl-e5"/>
      </object_component>
      <object_component id="oc-2ed">
         <name>.text:PinModeSet</name>
         <load_address>0x20009c70</load_address>
         <run_address>0x20009c70</run_address>
         <size>0x40</size>
         <input_file_ref idref="fl-12"/>
      </object_component>
      <object_component id="oc-20d">
         <name>.text:vsnprintf</name>
         <load_address>0x20009cb0</load_address>
         <run_address>0x20009cb0</run_address>
         <size>0x40</size>
         <input_file_ref idref="fl-cf"/>
      </object_component>
      <object_component id="oc-4ed">
         <name>.text:_fcpy</name>
         <load_address>0x20009cf0</load_address>
         <run_address>0x20009cf0</run_address>
         <size>0x3e</size>
         <input_file_ref idref="fl-dd"/>
      </object_component>
      <object_component id="oc-197">
         <name>.text:PRCMPeripheralClkEnable</name>
         <load_address>0x20009d30</load_address>
         <run_address>0x20009d30</run_address>
         <size>0x3c</size>
         <input_file_ref idref="fl-13"/>
      </object_component>
      <object_component id="oc-2f9">
         <name>.text:GPIODirModeSet</name>
         <load_address>0x20009d6c</load_address>
         <run_address>0x20009d6c</run_address>
         <size>0x36</size>
         <input_file_ref idref="fl-10"/>
      </object_component>
      <object_component id="oc-2f3">
         <name>.text:PinTypeGPIO</name>
         <load_address>0x20009da2</load_address>
         <run_address>0x20009da2</run_address>
         <size>0x30</size>
         <input_file_ref idref="fl-12"/>
      </object_component>
      <object_component id="oc-317">
         <name>.text:UARTDisable</name>
         <load_address>0x20009dd4</load_address>
         <run_address>0x20009dd4</run_address>
         <size>0x30</size>
         <input_file_ref idref="fl-16"/>
      </object_component>
      <object_component id="oc-363">
         <name>.text:_outs</name>
         <load_address>0x20009e04</load_address>
         <run_address>0x20009e04</run_address>
         <size>0x30</size>
         <input_file_ref idref="fl-cf"/>
      </object_component>
      <object_component id="oc-4d0">
         <name>.text</name>
         <load_address>0x20009e34</load_address>
         <run_address>0x20009e34</run_address>
         <size>0x2e</size>
         <input_file_ref idref="fl-e4"/>
      </object_component>
      <object_component id="oc-291">
         <name>.text:PRCMSysResetCauseGet</name>
         <load_address>0x20009e64</load_address>
         <run_address>0x20009e64</run_address>
         <size>0x2c</size>
         <input_file_ref idref="fl-13"/>
      </object_component>
      <object_component id="oc-1a3">
         <name>.text:TimerLoadSet</name>
         <load_address>0x20009e90</load_address>
         <run_address>0x20009e90</run_address>
         <size>0x2a</size>
         <input_file_ref idref="fl-15"/>
      </object_component>
      <object_component id="oc-23b">
         <name>.text:TimerPrescaleSet</name>
         <load_address>0x20009eba</load_address>
         <run_address>0x20009eba</run_address>
         <size>0x2a</size>
         <input_file_ref idref="fl-15"/>
      </object_component>
      <object_component id="oc-2a3">
         <name>.text:PRCMPeripheralClkDisable</name>
         <load_address>0x20009ee4</load_address>
         <run_address>0x20009ee4</run_address>
         <size>0x28</size>
         <input_file_ref idref="fl-13"/>
      </object_component>
      <object_component id="oc-391">
         <name>.text:free_list_insert</name>
         <load_address>0x20009f0c</load_address>
         <run_address>0x20009f0c</run_address>
         <size>0x28</size>
         <input_file_ref idref="fl-da"/>
      </object_component>
      <object_component id="oc-213">
         <name>.text:memmove</name>
         <load_address>0x20009f34</load_address>
         <run_address>0x20009f34</run_address>
         <size>0x28</size>
         <input_file_ref idref="fl-d9"/>
      </object_component>
      <object_component id="oc-3b8">
         <name>.text:IntUnregister</name>
         <load_address>0x20009f5c</load_address>
         <run_address>0x20009f5c</run_address>
         <size>0x24</size>
         <input_file_ref idref="fl-11"/>
      </object_component>
      <object_component id="oc-191">
         <name>.text:UARTEnable</name>
         <load_address>0x20009f80</load_address>
         <run_address>0x20009f80</run_address>
         <size>0x24</size>
         <input_file_ref idref="fl-16"/>
      </object_component>
      <object_component id="oc-5b">
         <name>.text:_c_int00_noargs:_c_int00_noargs</name>
         <load_address>0x20009fa4</load_address>
         <run_address>0x20009fa4</run_address>
         <size>0x24</size>
         <input_file_ref idref="fl-dc"/>
      </object_component>
      <object_component id="oc-140">
         <name>.text</name>
         <load_address>0x20009fc8</load_address>
         <run_address>0x20009fc8</run_address>
         <size>0x24</size>
         <input_file_ref idref="fl-d3"/>
      </object_component>
      <object_component id="oc-155">
         <name>.text:SPIReset</name>
         <load_address>0x20009fec</load_address>
         <run_address>0x20009fec</run_address>
         <size>0x22</size>
         <input_file_ref idref="fl-14"/>
      </object_component>
      <object_component id="oc-273">
         <name>.text:GPIOPinWrite</name>
         <load_address>0x2000a00e</load_address>
         <run_address>0x2000a00e</run_address>
         <size>0x20</size>
         <input_file_ref idref="fl-10"/>
      </object_component>
      <object_component id="oc-324">
         <name>.text:IntRegister</name>
         <load_address>0x2000a030</load_address>
         <run_address>0x2000a030</run_address>
         <size>0x20</size>
         <input_file_ref idref="fl-11"/>
      </object_component>
      <object_component id="oc-2ba">
         <name>.text:SPIDataGet</name>
         <load_address>0x2000a050</load_address>
         <run_address>0x2000a050</run_address>
         <size>0x20</size>
         <input_file_ref idref="fl-14"/>
      </object_component>
      <object_component id="oc-1af">
         <name>.text:GPIOIntRegister</name>
         <load_address>0x2000a070</load_address>
         <run_address>0x2000a070</run_address>
         <size>0x1e</size>
         <input_file_ref idref="fl-10"/>
      </object_component>
      <object_component id="oc-2b4">
         <name>.text:SPIDataPut</name>
         <load_address>0x2000a08e</load_address>
         <run_address>0x2000a08e</run_address>
         <size>0x1e</size>
         <input_file_ref idref="fl-14"/>
      </object_component>
      <object_component id="oc-25f">
         <name>.text:TimerDisable</name>
         <load_address>0x2000a0ac</load_address>
         <run_address>0x2000a0ac</run_address>
         <size>0x1e</size>
         <input_file_ref idref="fl-15"/>
      </object_component>
      <object_component id="oc-1a9">
         <name>.text:TimerEnable</name>
         <load_address>0x2000a0ca</load_address>
         <run_address>0x2000a0ca</run_address>
         <size>0x1e</size>
         <input_file_ref idref="fl-15"/>
      </object_component>
      <object_component id="oc-253">
         <name>.text:TimerIntStatus</name>
         <load_address>0x2000a0e8</load_address>
         <run_address>0x2000a0e8</run_address>
         <size>0x1e</size>
         <input_file_ref idref="fl-15"/>
      </object_component>
      <object_component id="oc-14f">
         <name>.text:UARTCharPut</name>
         <load_address>0x2000a106</load_address>
         <run_address>0x2000a106</run_address>
         <size>0x1e</size>
         <input_file_ref idref="fl-16"/>
      </object_component>
      <object_component id="oc-17f">
         <name>.text:UARTIntRegister</name>
         <load_address>0x2000a124</load_address>
         <run_address>0x2000a124</run_address>
         <size>0x1e</size>
         <input_file_ref idref="fl-16"/>
      </object_component>
      <object_component id="oc-c5">
         <name>.text:UARTIntStatus</name>
         <load_address>0x2000a142</load_address>
         <run_address>0x2000a142</run_address>
         <size>0x1e</size>
         <input_file_ref idref="fl-16"/>
      </object_component>
      <object_component id="oc-2ff">
         <name>.text:PinTypeI2C</name>
         <load_address>0x2000a160</load_address>
         <run_address>0x2000a160</run_address>
         <size>0x1c</size>
         <input_file_ref idref="fl-12"/>
      </object_component>
      <object_component id="oc-122">
         <name>.text:TimerValueGet</name>
         <load_address>0x2000a17c</load_address>
         <run_address>0x2000a17c</run_address>
         <size>0x1c</size>
         <input_file_ref idref="fl-15"/>
      </object_component>
      <object_component id="oc-d1">
         <name>.text:UARTCharGetNonBlocking</name>
         <load_address>0x2000a198</load_address>
         <run_address>0x2000a198</run_address>
         <size>0x1c</size>
         <input_file_ref idref="fl-16"/>
      </object_component>
      <object_component id="oc-49">
         <name>.text:decompress:ZI:__TI_zero_init_nomemset:__TI_zero_init_nomemset</name>
         <load_address>0x2000a1b4</load_address>
         <run_address>0x2000a1b4</run_address>
         <size>0x1c</size>
         <input_file_ref idref="fl-d6"/>
      </object_component>
      <object_component id="oc-384">
         <name>.text:free_list_remove</name>
         <load_address>0x2000a1d0</load_address>
         <run_address>0x2000a1d0</run_address>
         <size>0x1c</size>
         <input_file_ref idref="fl-da"/>
      </object_component>
      <object_component id="oc-451">
         <name>.text:memccpy</name>
         <load_address>0x2000a1ec</load_address>
         <run_address>0x2000a1ec</run_address>
         <size>0x1c</size>
         <input_file_ref idref="fl-ee"/>
      </object_component>
      <object_component id="oc-1bb">
         <name>.text:GPIOIntEnable</name>
         <load_address>0x2000a208</load_address>
         <run_address>0x2000a208</run_address>
         <size>0x1a</size>
         <input_file_ref idref="fl-10"/>
      </object_component>
      <object_component id="oc-305">
         <name>.text:PinTypeSPI</name>
         <load_address>0x2000a222</load_address>
         <run_address>0x2000a222</run_address>
         <size>0x1a</size>
         <input_file_ref idref="fl-12"/>
      </object_component>
      <object_component id="oc-30b">
         <name>.text:PinTypeUART</name>
         <load_address>0x2000a23c</load_address>
         <run_address>0x2000a23c</run_address>
         <size>0x1a</size>
         <input_file_ref idref="fl-12"/>
      </object_component>
      <object_component id="oc-13a">
         <name>.text:GPIOPinRead</name>
         <load_address>0x2000a256</load_address>
         <run_address>0x2000a256</run_address>
         <size>0x18</size>
         <input_file_ref idref="fl-10"/>
      </object_component>
      <object_component id="oc-2c0">
         <name>.text:SPICSDisable</name>
         <load_address>0x2000a26e</load_address>
         <run_address>0x2000a26e</run_address>
         <size>0x18</size>
         <input_file_ref idref="fl-14"/>
      </object_component>
      <object_component id="oc-2ae">
         <name>.text:SPICSEnable</name>
         <load_address>0x2000a286</load_address>
         <run_address>0x2000a286</run_address>
         <size>0x18</size>
         <input_file_ref idref="fl-14"/>
      </object_component>
      <object_component id="oc-167">
         <name>.text:SPIEnable</name>
         <load_address>0x2000a29e</load_address>
         <run_address>0x2000a29e</run_address>
         <size>0x18</size>
         <input_file_ref idref="fl-14"/>
      </object_component>
      <object_component id="oc-265">
         <name>.text:TimerIntDisable</name>
         <load_address>0x2000a2b6</load_address>
         <run_address>0x2000a2b6</run_address>
         <size>0x18</size>
         <input_file_ref idref="fl-15"/>
      </object_component>
      <object_component id="oc-24d">
         <name>.text:TimerIntEnable</name>
         <load_address>0x2000a2ce</load_address>
         <run_address>0x2000a2ce</run_address>
         <size>0x18</size>
         <input_file_ref idref="fl-15"/>
      </object_component>
      <object_component id="oc-dd">
         <name>.text:UARTCharsAvail</name>
         <load_address>0x2000a2e6</load_address>
         <run_address>0x2000a2e6</run_address>
         <size>0x18</size>
         <input_file_ref idref="fl-16"/>
      </object_component>
      <object_component id="oc-18b">
         <name>.text:UARTFIFOLevelSet</name>
         <load_address>0x2000a2fe</load_address>
         <run_address>0x2000a2fe</run_address>
         <size>0x18</size>
         <input_file_ref idref="fl-16"/>
      </object_component>
      <object_component id="oc-185">
         <name>.text:UARTIntEnable</name>
         <load_address>0x2000a316</load_address>
         <run_address>0x2000a316</run_address>
         <size>0x18</size>
         <input_file_ref idref="fl-16"/>
      </object_component>
      <object_component id="oc-369">
         <name>.text:_outc</name>
         <load_address>0x2000a32e</load_address>
         <run_address>0x2000a32e</run_address>
         <size>0x18</size>
         <input_file_ref idref="fl-cf"/>
      </object_component>
      <object_component id="oc-297">
         <name>.text:PRCMHIBRegRead</name>
         <load_address>0x2000a346</load_address>
         <run_address>0x2000a346</run_address>
         <size>0x16</size>
         <input_file_ref idref="fl-13"/>
      </object_component>
      <object_component id="oc-29d">
         <name>.text:PRCMHIBRegWrite</name>
         <load_address>0x2000a35c</load_address>
         <run_address>0x2000a35c</run_address>
         <size>0x16</size>
         <input_file_ref idref="fl-13"/>
      </object_component>
      <object_component id="oc-501">
         <name>.text:strchr</name>
         <load_address>0x2000a372</load_address>
         <run_address>0x2000a372</run_address>
         <size>0x16</size>
         <input_file_ref idref="fl-ef"/>
      </object_component>
      <object_component id="oc-286">
         <name>.text:CPUcpsie</name>
         <load_address>0x2000a388</load_address>
         <run_address>0x2000a388</run_address>
         <size>0x14</size>
         <input_file_ref idref="fl-18"/>
      </object_component>
      <object_component id="oc-134">
         <name>.text:GPIOIntClear</name>
         <load_address>0x2000a39c</load_address>
         <run_address>0x2000a39c</run_address>
         <size>0x14</size>
         <input_file_ref idref="fl-10"/>
      </object_component>
      <object_component id="oc-ef">
         <name>.text:IntVTableBaseSet</name>
         <load_address>0x2000a3b0</load_address>
         <run_address>0x2000a3b0</run_address>
         <size>0x14</size>
         <input_file_ref idref="fl-11"/>
      </object_component>
      <object_component id="oc-128">
         <name>.text:strlen</name>
         <load_address>0x2000a3c4</load_address>
         <run_address>0x2000a3c4</run_address>
         <size>0x14</size>
         <input_file_ref idref="fl-db"/>
      </object_component>
      <object_component id="oc-259">
         <name>.text:TimerIntClear</name>
         <load_address>0x2000a3d8</load_address>
         <run_address>0x2000a3d8</run_address>
         <size>0x12</size>
         <input_file_ref idref="fl-15"/>
      </object_component>
      <object_component id="oc-cb">
         <name>.text:UARTIntClear</name>
         <load_address>0x2000a3ea</load_address>
         <run_address>0x2000a3ea</run_address>
         <size>0x12</size>
         <input_file_ref idref="fl-16"/>
      </object_component>
      <object_component id="oc-457">
         <name>.text:wcslen</name>
         <load_address>0x2000a3fc</load_address>
         <run_address>0x2000a3fc</run_address>
         <size>0x12</size>
         <input_file_ref idref="fl-f1"/>
      </object_component>
      <object_component id="oc-1b">
         <name>.text:decompress:none:__TI_decompress_none</name>
         <load_address>0x2000a40e</load_address>
         <run_address>0x2000a40e</run_address>
         <size>0xe</size>
         <input_file_ref idref="fl-d7"/>
      </object_component>
      <object_component id="oc-29">
         <name>.text</name>
         <load_address>0x2000a41c</load_address>
         <run_address>0x2000a41c</run_address>
         <size>0xe</size>
         <input_file_ref idref="fl-8"/>
      </object_component>
      <object_component id="oc-547">
         <name>.text:copysign</name>
         <load_address>0x2000a42a</load_address>
         <run_address>0x2000a42a</run_address>
         <size>0xc</size>
         <input_file_ref idref="fl-f4"/>
      </object_component>
      <object_component id="oc-f5">
         <name>.text:IntMasterEnable</name>
         <load_address>0x2000a436</load_address>
         <run_address>0x2000a436</run_address>
         <size>0xa</size>
         <input_file_ref idref="fl-11"/>
      </object_component>
      <object_component id="oc-45d">
         <name>.text:__aeabi_errno_addr</name>
         <load_address>0x2000a440</load_address>
         <run_address>0x2000a440</run_address>
         <size>0x8</size>
         <input_file_ref idref="fl-f0"/>
      </object_component>
      <object_component id="oc-219">
         <name>.text:malloc</name>
         <load_address>0x2000a448</load_address>
         <run_address>0x2000a448</run_address>
         <size>0x8</size>
         <input_file_ref idref="fl-da"/>
      </object_component>
      <object_component id="oc-3cd">
         <name>.text:UtilsDelay</name>
         <load_address>0x2000a450</load_address>
         <run_address>0x2000a450</run_address>
         <size>0x6</size>
         <input_file_ref idref="fl-17"/>
      </object_component>
      <object_component id="oc-91">
         <name>.text:_system_pre_init</name>
         <load_address>0x2000a456</load_address>
         <run_address>0x2000a456</run_address>
         <size>0x4</size>
         <input_file_ref idref="fl-e6"/>
      </object_component>
      <object_component id="oc-1c7">
         <name>.text:abort:abort</name>
         <load_address>0x2000a45a</load_address>
         <run_address>0x2000a45a</run_address>
         <size>0x4</size>
         <input_file_ref idref="fl-e8"/>
      </object_component>
      <object_component id="oc-3d8">
         <name>.const:.string:font</name>
         <load_address>0x2000a460</load_address>
         <run_address>0x2000a460</run_address>
         <size>0x4fb</size>
         <input_file_ref idref="fl-2"/>
      </object_component>
      <object_component id="oc-4aa">
         <name>.const:.string:_ctypes_</name>
         <load_address>0x2000a95b</load_address>
         <run_address>0x2000a95b</run_address>
         <size>0x101</size>
         <input_file_ref idref="fl-ed"/>
      </object_component>
      <object_component id="oc-3e4">
         <name>.const:g_ulPinToPadMap</name>
         <load_address>0x2000aa5c</load_address>
         <run_address>0x2000aa5c</run_address>
         <size>0x100</size>
         <input_file_ref idref="fl-12"/>
      </object_component>
      <object_component id="oc-3a7">
         <name>.const:g_pulRegs</name>
         <load_address>0x2000ab5c</load_address>
         <run_address>0x2000ab5c</run_address>
         <size>0xd4</size>
         <input_file_ref idref="fl-11"/>
      </object_component>
      <object_component id="oc-312">
         <name>.const:PRCM_PeriphRegsList</name>
         <load_address>0x2000ac30</load_address>
         <run_address>0x2000ac30</run_address>
         <size>0xa8</size>
         <input_file_ref idref="fl-13"/>
      </object_component>
      <object_component id="oc-2e0">
         <name>.const:.string</name>
         <load_address>0x2000acd8</load_address>
         <run_address>0x2000acd8</run_address>
         <size>0x46</size>
         <input_file_ref idref="fl-5"/>
      </object_component>
      <object_component id="oc-480">
         <name>.const:g_pulDisRegs</name>
         <load_address>0x2000ad20</load_address>
         <run_address>0x2000ad20</run_address>
         <size>0x18</size>
         <input_file_ref idref="fl-11"/>
      </object_component>
      <object_component id="oc-28d">
         <name>.const:g_pulEnRegs</name>
         <load_address>0x2000ad38</load_address>
         <run_address>0x2000ad38</run_address>
         <size>0x18</size>
         <input_file_ref idref="fl-11"/>
      </object_component>
      <object_component id="oc-3fd">
         <name>.const:g_ppulUARTIntMap</name>
         <load_address>0x2000ad50</load_address>
         <run_address>0x2000ad50</run_address>
         <size>0x10</size>
         <input_file_ref idref="fl-16"/>
      </object_component>
      <object_component id="oc-59f">
         <name>.cinit..data.load</name>
         <load_address>0x2000ad60</load_address>
         <run_address>0x2000ad60</run_address>
         <size>0x67</size>
      </object_component>
      <object_component id="oc-59d">
         <name>__TI_handler_table</name>
         <load_address>0x2000adc8</load_address>
         <run_address>0x2000adc8</run_address>
         <size>0xc</size>
      </object_component>
      <object_component id="oc-5a0">
         <name>.cinit..bss.load</name>
         <load_address>0x2000add8</load_address>
         <run_address>0x2000add8</run_address>
         <size>0x8</size>
      </object_component>
      <object_component id="oc-59e">
         <name>__TI_cinit_table</name>
         <load_address>0x2000ade0</load_address>
         <run_address>0x2000ade0</run_address>
         <size>0x10</size>
      </object_component>
      <object_component id="oc-3db">
         <name>.data</name>
         <load_address>0x200178a8</load_address>
         <run_address>0x200178a8</run_address>
         <size>0x15</size>
         <input_file_ref idref="fl-2"/>
      </object_component>
      <object_component id="oc-281">
         <name>.data:ulReg</name>
         <load_address>0x200178c0</load_address>
         <run_address>0x200178c0</run_address>
         <size>0x14</size>
         <input_file_ref idref="fl-4"/>
      </object_component>
      <object_component id="oc-279">
         <name>.data</name>
         <load_address>0x200178d4</load_address>
         <run_address>0x200178d4</run_address>
         <size>0xc</size>
         <input_file_ref idref="fl-4"/>
      </object_component>
      <object_component id="oc-107">
         <name>.data</name>
         <load_address>0x20017800</load_address>
         <run_address>0x20017800</run_address>
         <size>0x3c</size>
         <input_file_ref idref="fl-5"/>
      </object_component>
      <object_component id="oc-12e">
         <name>.data:text_buffer</name>
         <load_address>0x20017885</load_address>
         <run_address>0x20017885</run_address>
         <size>0x21</size>
         <input_file_ref idref="fl-5"/>
      </object_component>
      <object_component id="oc-119">
         <name>.data:received_text</name>
         <load_address>0x20017864</load_address>
         <run_address>0x20017864</run_address>
         <size>0x21</size>
         <input_file_ref idref="fl-5"/>
      </object_component>
      <object_component id="oc-131">
         <name>.data:multi_tap_map</name>
         <load_address>0x2001783c</load_address>
         <run_address>0x2001783c</run_address>
         <size>0x28</size>
         <input_file_ref idref="fl-5"/>
      </object_component>
      <object_component id="oc-475">
         <name>.data:$O1$$</name>
         <load_address>0x200178e8</load_address>
         <run_address>0x200178e8</run_address>
         <size>0x8</size>
         <input_file_ref idref="fl-da"/>
      </object_component>
      <object_component id="oc-341">
         <name>.data:$O1$$</name>
         <load_address>0x200178e0</load_address>
         <run_address>0x200178e0</run_address>
         <size>0x8</size>
         <input_file_ref idref="fl-e9"/>
      </object_component>
      <object_component id="oc-511">
         <name>.data</name>
         <load_address>0x200178f0</load_address>
         <run_address>0x200178f0</run_address>
         <size>0x4</size>
         <input_file_ref idref="fl-f0"/>
      </object_component>
      <object_component id="oc-11c">
         <name>.bss</name>
         <uninitialized>true</uninitialized>
         <run_address>0x20017934</run_address>
         <size>0x8</size>
         <input_file_ref idref="fl-5"/>
      </object_component>
      <object_component id="oc-10a">
         <name>.bss:uart_buffer</name>
         <uninitialized>true</uninitialized>
         <run_address>0x200178f4</run_address>
         <size>0x40</size>
         <input_file_ref idref="fl-5"/>
      </object_component>
      <object_component id="oc-22b">
         <name>.bss</name>
         <uninitialized>true</uninitialized>
         <run_address>0x2001793c</run_address>
         <size>0x4</size>
         <input_file_ref idref="fl-a"/>
      </object_component>
      <object_component id="oc-27c">
         <name>.common:g_ucLED1Pin</name>
         <uninitialized>true</uninitialized>
         <run_address>0x20017944</run_address>
         <size>0x1</size>
      </object_component>
      <object_component id="oc-27f">
         <name>.common:g_ucLED2Pin</name>
         <uninitialized>true</uninitialized>
         <run_address>0x20017945</run_address>
         <size>0x1</size>
      </object_component>
      <object_component id="oc-280">
         <name>.common:g_ucLED3Pin</name>
         <uninitialized>true</uninitialized>
         <run_address>0x20017946</run_address>
         <size>0x1</size>
      </object_component>
      <object_component id="oc-11f">
         <name>.common:g_ulTimerInts</name>
         <uninitialized>true</uninitialized>
         <run_address>0x20017940</run_address>
         <size>0x4</size>
      </object_component>
      <object_component id="oc-23">
         <name>.sysmem</name>
         <uninitialized>true</uninitialized>
         <run_address>0x20017000</run_address>
         <size>0x10</size>
         <input_file_ref idref="fl-da"/>
      </object_component>
      <object_component id="oc-5a3">
         <name>.sysmem</name>
         <uninitialized>true</uninitialized>
         <run_address>0x20017000</run_address>
         <size>0x0</size>
      </object_component>
      <object_component id="oc-26">
         <name>.stack</name>
         <uninitialized>true</uninitialized>
         <run_address>0x2002f800</run_address>
         <size>0x4</size>
         <input_file_ref idref="fl-dc"/>
      </object_component>
      <object_component id="oc-5a2">
         <name>.stack</name>
         <uninitialized>true</uninitialized>
         <run_address>0x2002f800</run_address>
         <size>0x0</size>
      </object_component>
      <object_component id="oc-3df">
         <name>.debug_info</name>
         <load_address>0x0</load_address>
         <run_address>0x0</run_address>
         <size>0x214</size>
         <input_file_ref idref="fl-2"/>
      </object_component>
      <object_component id="oc-3d9">
         <name>.debug_info</name>
         <load_address>0x214</load_address>
         <run_address>0x214</run_address>
         <size>0xc6</size>
         <input_file_ref idref="fl-2"/>
      </object_component>
      <object_component id="oc-3dc">
         <name>.debug_info</name>
         <load_address>0x2da</load_address>
         <run_address>0x2da</run_address>
         <size>0x174</size>
         <input_file_ref idref="fl-2"/>
      </object_component>
      <object_component id="oc-2c9">
         <name>.debug_info</name>
         <load_address>0x44e</load_address>
         <run_address>0x44e</run_address>
         <size>0x1532</size>
         <input_file_ref idref="fl-2"/>
      </object_component>
      <object_component id="oc-38">
         <name>.debug_info</name>
         <load_address>0x1980</load_address>
         <run_address>0x1980</run_address>
         <size>0x84</size>
         <input_file_ref idref="fl-2"/>
      </object_component>
      <object_component id="oc-2c7">
         <name>.debug_info</name>
         <load_address>0x1a04</load_address>
         <run_address>0x1a04</run_address>
         <size>0x215</size>
         <input_file_ref idref="fl-3"/>
      </object_component>
      <object_component id="oc-10e">
         <name>.debug_info</name>
         <load_address>0x1c19</load_address>
         <run_address>0x1c19</run_address>
         <size>0xe7b</size>
         <input_file_ref idref="fl-3"/>
      </object_component>
      <object_component id="oc-3f7">
         <name>.debug_info</name>
         <load_address>0x2a94</load_address>
         <run_address>0x2a94</run_address>
         <size>0x62</size>
         <input_file_ref idref="fl-3"/>
      </object_component>
      <object_component id="oc-206">
         <name>.debug_info</name>
         <load_address>0x2af6</load_address>
         <run_address>0x2af6</run_address>
         <size>0x2c</size>
         <input_file_ref idref="fl-3"/>
      </object_component>
      <object_component id="oc-bc">
         <name>.debug_info</name>
         <load_address>0x2b22</load_address>
         <run_address>0x2b22</run_address>
         <size>0x2c</size>
         <input_file_ref idref="fl-3"/>
      </object_component>
      <object_component id="oc-39c">
         <name>.debug_info</name>
         <load_address>0x2b4e</load_address>
         <run_address>0x2b4e</run_address>
         <size>0x35</size>
         <input_file_ref idref="fl-3"/>
      </object_component>
      <object_component id="oc-27d">
         <name>.debug_info</name>
         <load_address>0x2b83</load_address>
         <run_address>0x2b83</run_address>
         <size>0x323</size>
         <input_file_ref idref="fl-4"/>
      </object_component>
      <object_component id="oc-282">
         <name>.debug_info</name>
         <load_address>0x2ea6</load_address>
         <run_address>0x2ea6</run_address>
         <size>0xc3</size>
         <input_file_ref idref="fl-4"/>
      </object_component>
      <object_component id="oc-27a">
         <name>.debug_info</name>
         <load_address>0x2f69</load_address>
         <run_address>0x2f69</run_address>
         <size>0x124</size>
         <input_file_ref idref="fl-4"/>
      </object_component>
      <object_component id="oc-ea">
         <name>.debug_info</name>
         <load_address>0x308d</load_address>
         <run_address>0x308d</run_address>
         <size>0xb44</size>
         <input_file_ref idref="fl-4"/>
      </object_component>
      <object_component id="oc-2d6">
         <name>.debug_info</name>
         <load_address>0x3bd1</load_address>
         <run_address>0x3bd1</run_address>
         <size>0x26b</size>
         <input_file_ref idref="fl-4"/>
      </object_component>
      <object_component id="oc-3a1">
         <name>.debug_info</name>
         <load_address>0x3e3c</load_address>
         <run_address>0x3e3c</run_address>
         <size>0x2a4</size>
         <input_file_ref idref="fl-4"/>
      </object_component>
      <object_component id="oc-230">
         <name>.debug_info</name>
         <load_address>0x40e0</load_address>
         <run_address>0x40e0</run_address>
         <size>0x2c</size>
         <input_file_ref idref="fl-4"/>
      </object_component>
      <object_component id="oc-120">
         <name>.debug_info</name>
         <load_address>0x410c</load_address>
         <run_address>0x410c</run_address>
         <size>0x9a1</size>
         <input_file_ref idref="fl-5"/>
      </object_component>
      <object_component id="oc-11d">
         <name>.debug_info</name>
         <load_address>0x4aad</load_address>
         <run_address>0x4aad</run_address>
         <size>0xec</size>
         <input_file_ref idref="fl-5"/>
      </object_component>
      <object_component id="oc-108">
         <name>.debug_info</name>
         <load_address>0x4b99</load_address>
         <run_address>0x4b99</run_address>
         <size>0x35c</size>
         <input_file_ref idref="fl-5"/>
      </object_component>
      <object_component id="oc-12f">
         <name>.debug_info</name>
         <load_address>0x4ef5</load_address>
         <run_address>0x4ef5</run_address>
         <size>0xcc</size>
         <input_file_ref idref="fl-5"/>
      </object_component>
      <object_component id="oc-11a">
         <name>.debug_info</name>
         <load_address>0x4fc1</load_address>
         <run_address>0x4fc1</run_address>
         <size>0xd0</size>
         <input_file_ref idref="fl-5"/>
      </object_component>
      <object_component id="oc-10b">
         <name>.debug_info</name>
         <load_address>0x5091</load_address>
         <run_address>0x5091</run_address>
         <size>0xcc</size>
         <input_file_ref idref="fl-5"/>
      </object_component>
      <object_component id="oc-132">
         <name>.debug_info</name>
         <load_address>0x515d</load_address>
         <run_address>0x515d</run_address>
         <size>0xd0</size>
         <input_file_ref idref="fl-5"/>
      </object_component>
      <object_component id="oc-99">
         <name>.debug_info</name>
         <load_address>0x522d</load_address>
         <run_address>0x522d</run_address>
         <size>0x1417</size>
         <input_file_ref idref="fl-5"/>
      </object_component>
      <object_component id="oc-1c2">
         <name>.debug_info</name>
         <load_address>0x6644</load_address>
         <run_address>0x6644</run_address>
         <size>0x8b</size>
         <input_file_ref idref="fl-5"/>
      </object_component>
      <object_component id="oc-2cf">
         <name>.debug_info</name>
         <load_address>0x66cf</load_address>
         <run_address>0x66cf</run_address>
         <size>0x420</size>
         <input_file_ref idref="fl-6"/>
      </object_component>
      <object_component id="oc-114">
         <name>.debug_info</name>
         <load_address>0x6aef</load_address>
         <run_address>0x6aef</run_address>
         <size>0x118b</size>
         <input_file_ref idref="fl-6"/>
      </object_component>
      <object_component id="oc-16e">
         <name>.debug_info</name>
         <load_address>0x7c7a</load_address>
         <run_address>0x7c7a</run_address>
         <size>0x3bf</size>
         <input_file_ref idref="fl-7"/>
      </object_component>
      <object_component id="oc-31">
         <name>.debug_info</name>
         <load_address>0x8039</load_address>
         <run_address>0x8039</run_address>
         <size>0x184</size>
         <input_file_ref idref="fl-8"/>
      </object_component>
      <object_component id="oc-13">
         <name>.debug_info</name>
         <load_address>0x81bd</load_address>
         <run_address>0x81bd</run_address>
         <size>0x103</size>
         <input_file_ref idref="fl-8"/>
      </object_component>
      <object_component id="oc-2b">
         <name>.debug_info</name>
         <load_address>0x82c0</load_address>
         <run_address>0x82c0</run_address>
         <size>0x424</size>
         <input_file_ref idref="fl-8"/>
      </object_component>
      <object_component id="oc-272">
         <name>.debug_info</name>
         <load_address>0x86e4</load_address>
         <run_address>0x86e4</run_address>
         <size>0x449</size>
         <input_file_ref idref="fl-9"/>
      </object_component>
      <object_component id="oc-e7">
         <name>.debug_info</name>
         <load_address>0x8b2d</load_address>
         <run_address>0x8b2d</run_address>
         <size>0x9f9</size>
         <input_file_ref idref="fl-9"/>
      </object_component>
      <object_component id="oc-22f">
         <name>.debug_info</name>
         <load_address>0x9526</load_address>
         <run_address>0x9526</run_address>
         <size>0x3a2</size>
         <input_file_ref idref="fl-a"/>
      </object_component>
      <object_component id="oc-22c">
         <name>.debug_info</name>
         <load_address>0x98c8</load_address>
         <run_address>0x98c8</run_address>
         <size>0xcd</size>
         <input_file_ref idref="fl-a"/>
      </object_component>
      <object_component id="oc-d9">
         <name>.debug_info</name>
         <load_address>0x9995</load_address>
         <run_address>0x9995</run_address>
         <size>0x633</size>
         <input_file_ref idref="fl-a"/>
      </object_component>
      <object_component id="oc-235">
         <name>.debug_info</name>
         <load_address>0x9fc8</load_address>
         <run_address>0x9fc8</run_address>
         <size>0x110</size>
         <input_file_ref idref="fl-a"/>
      </object_component>
      <object_component id="oc-33a">
         <name>.debug_info</name>
         <load_address>0xa0d8</load_address>
         <run_address>0xa0d8</run_address>
         <size>0x1e0</size>
         <input_file_ref idref="fl-10"/>
      </object_component>
      <object_component id="oc-336">
         <name>.debug_info</name>
         <load_address>0xa2b8</load_address>
         <run_address>0xa2b8</run_address>
         <size>0x19e</size>
         <input_file_ref idref="fl-10"/>
      </object_component>
      <object_component id="oc-2fd">
         <name>.debug_info</name>
         <load_address>0xa456</load_address>
         <run_address>0xa456</run_address>
         <size>0x1dd</size>
         <input_file_ref idref="fl-10"/>
      </object_component>
      <object_component id="oc-1b9">
         <name>.debug_info</name>
         <load_address>0xa633</load_address>
         <run_address>0xa633</run_address>
         <size>0x1e8</size>
         <input_file_ref idref="fl-10"/>
      </object_component>
      <object_component id="oc-1bd">
         <name>.debug_info</name>
         <load_address>0xa81b</load_address>
         <run_address>0xa81b</run_address>
         <size>0x1bf</size>
         <input_file_ref idref="fl-10"/>
      </object_component>
      <object_component id="oc-136">
         <name>.debug_info</name>
         <load_address>0xa9da</load_address>
         <run_address>0xa9da</run_address>
         <size>0x1bd</size>
         <input_file_ref idref="fl-10"/>
      </object_component>
      <object_component id="oc-1b2">
         <name>.debug_info</name>
         <load_address>0xab97</load_address>
         <run_address>0xab97</run_address>
         <size>0x208</size>
         <input_file_ref idref="fl-10"/>
      </object_component>
      <object_component id="oc-13e">
         <name>.debug_info</name>
         <load_address>0xad9f</load_address>
         <run_address>0xad9f</run_address>
         <size>0x1af</size>
         <input_file_ref idref="fl-10"/>
      </object_component>
      <object_component id="oc-277">
         <name>.debug_info</name>
         <load_address>0xaf4e</load_address>
         <run_address>0xaf4e</run_address>
         <size>0x1d4</size>
         <input_file_ref idref="fl-10"/>
      </object_component>
      <object_component id="oc-3cb">
         <name>.debug_info</name>
         <load_address>0xb122</load_address>
         <run_address>0xb122</run_address>
         <size>0x201</size>
         <input_file_ref idref="fl-11"/>
      </object_component>
      <object_component id="oc-3a8">
         <name>.debug_info</name>
         <load_address>0xb323</load_address>
         <run_address>0xb323</run_address>
         <size>0xf0</size>
         <input_file_ref idref="fl-11"/>
      </object_component>
      <object_component id="oc-28e">
         <name>.debug_info</name>
         <load_address>0xb413</load_address>
         <run_address>0xb413</run_address>
         <size>0xf4</size>
         <input_file_ref idref="fl-11"/>
      </object_component>
      <object_component id="oc-481">
         <name>.debug_info</name>
         <load_address>0xb507</load_address>
         <run_address>0xb507</run_address>
         <size>0xf6</size>
         <input_file_ref idref="fl-11"/>
      </object_component>
      <object_component id="oc-486">
         <name>.debug_info</name>
         <load_address>0xb5fd</load_address>
         <run_address>0xb5fd</run_address>
         <size>0x161</size>
         <input_file_ref idref="fl-11"/>
      </object_component>
      <object_component id="oc-f7">
         <name>.debug_info</name>
         <load_address>0xb75e</load_address>
         <run_address>0xb75e</run_address>
         <size>0x17c</size>
         <input_file_ref idref="fl-11"/>
      </object_component>
      <object_component id="oc-f1">
         <name>.debug_info</name>
         <load_address>0xb8da</load_address>
         <run_address>0xb8da</run_address>
         <size>0x1ae</size>
         <input_file_ref idref="fl-11"/>
      </object_component>
      <object_component id="oc-326">
         <name>.debug_info</name>
         <load_address>0xba88</load_address>
         <run_address>0xba88</run_address>
         <size>0x1f8</size>
         <input_file_ref idref="fl-11"/>
      </object_component>
      <object_component id="oc-3ba">
         <name>.debug_info</name>
         <load_address>0xbc80</load_address>
         <run_address>0xbc80</run_address>
         <size>0x1c3</size>
         <input_file_ref idref="fl-11"/>
      </object_component>
      <object_component id="oc-243">
         <name>.debug_info</name>
         <load_address>0xbe43</load_address>
         <run_address>0xbe43</run_address>
         <size>0x1fa</size>
         <input_file_ref idref="fl-11"/>
      </object_component>
      <object_component id="oc-fd">
         <name>.debug_info</name>
         <load_address>0xc03d</load_address>
         <run_address>0xc03d</run_address>
         <size>0x19f</size>
         <input_file_ref idref="fl-11"/>
      </object_component>
      <object_component id="oc-3b4">
         <name>.debug_info</name>
         <load_address>0xc1dc</load_address>
         <run_address>0xc1dc</run_address>
         <size>0x1a1</size>
         <input_file_ref idref="fl-11"/>
      </object_component>
      <object_component id="oc-497">
         <name>.debug_info</name>
         <load_address>0xc37d</load_address>
         <run_address>0xc37d</run_address>
         <size>0x14e</size>
         <input_file_ref idref="fl-12"/>
      </object_component>
      <object_component id="oc-3e5">
         <name>.debug_info</name>
         <load_address>0xc4cb</load_address>
         <run_address>0xc4cb</run_address>
         <size>0xf6</size>
         <input_file_ref idref="fl-12"/>
      </object_component>
      <object_component id="oc-2ee">
         <name>.debug_info</name>
         <load_address>0xc5c1</load_address>
         <run_address>0xc5c1</run_address>
         <size>0x1bf</size>
         <input_file_ref idref="fl-12"/>
      </object_component>
      <object_component id="oc-3eb">
         <name>.debug_info</name>
         <load_address>0xc780</load_address>
         <run_address>0xc780</run_address>
         <size>0x20d</size>
         <input_file_ref idref="fl-12"/>
      </object_component>
      <object_component id="oc-30c">
         <name>.debug_info</name>
         <load_address>0xc98d</load_address>
         <run_address>0xc98d</run_address>
         <size>0x1d4</size>
         <input_file_ref idref="fl-12"/>
      </object_component>
      <object_component id="oc-301">
         <name>.debug_info</name>
         <load_address>0xcb61</load_address>
         <run_address>0xcb61</run_address>
         <size>0x1d2</size>
         <input_file_ref idref="fl-12"/>
      </object_component>
      <object_component id="oc-308">
         <name>.debug_info</name>
         <load_address>0xcd33</load_address>
         <run_address>0xcd33</run_address>
         <size>0x1d2</size>
         <input_file_ref idref="fl-12"/>
      </object_component>
      <object_component id="oc-2f4">
         <name>.debug_info</name>
         <load_address>0xcf05</load_address>
         <run_address>0xcf05</run_address>
         <size>0x222</size>
         <input_file_ref idref="fl-12"/>
      </object_component>
      <object_component id="oc-316">
         <name>.debug_info</name>
         <load_address>0xd127</load_address>
         <run_address>0xd127</run_address>
         <size>0x25e</size>
         <input_file_ref idref="fl-13"/>
      </object_component>
      <object_component id="oc-313">
         <name>.debug_info</name>
         <load_address>0xd385</load_address>
         <run_address>0xd385</run_address>
         <size>0xff</size>
         <input_file_ref idref="fl-13"/>
      </object_component>
      <object_component id="oc-293">
         <name>.debug_info</name>
         <load_address>0xd484</load_address>
         <run_address>0xd484</run_address>
         <size>0x1a6</size>
         <input_file_ref idref="fl-13"/>
      </object_component>
      <object_component id="oc-199">
         <name>.debug_info</name>
         <load_address>0xd62a</load_address>
         <run_address>0xd62a</run_address>
         <size>0x1eb</size>
         <input_file_ref idref="fl-13"/>
      </object_component>
      <object_component id="oc-2a5">
         <name>.debug_info</name>
         <load_address>0xd815</load_address>
         <run_address>0xd815</run_address>
         <size>0x1ed</size>
         <input_file_ref idref="fl-13"/>
      </object_component>
      <object_component id="oc-15d">
         <name>.debug_info</name>
         <load_address>0xda02</load_address>
         <run_address>0xda02</run_address>
         <size>0x216</size>
         <input_file_ref idref="fl-13"/>
      </object_component>
      <object_component id="oc-175">
         <name>.debug_info</name>
         <load_address>0xdc18</load_address>
         <run_address>0xdc18</run_address>
         <size>0x1c0</size>
         <input_file_ref idref="fl-13"/>
      </object_component>
      <object_component id="oc-102">
         <name>.debug_info</name>
         <load_address>0xddd8</load_address>
         <run_address>0xddd8</run_address>
         <size>0x283</size>
         <input_file_ref idref="fl-13"/>
      </object_component>
      <object_component id="oc-298">
         <name>.debug_info</name>
         <load_address>0xe05b</load_address>
         <run_address>0xe05b</run_address>
         <size>0x1bf</size>
         <input_file_ref idref="fl-13"/>
      </object_component>
      <object_component id="oc-29e">
         <name>.debug_info</name>
         <load_address>0xe21a</load_address>
         <run_address>0xe21a</run_address>
         <size>0x1d4</size>
         <input_file_ref idref="fl-13"/>
      </object_component>
      <object_component id="oc-3d4">
         <name>.debug_info</name>
         <load_address>0xe3ee</load_address>
         <run_address>0xe3ee</run_address>
         <size>0x232</size>
         <input_file_ref idref="fl-14"/>
      </object_component>
      <object_component id="oc-168">
         <name>.debug_info</name>
         <load_address>0xe620</load_address>
         <run_address>0xe620</run_address>
         <size>0x179</size>
         <input_file_ref idref="fl-14"/>
      </object_component>
      <object_component id="oc-157">
         <name>.debug_info</name>
         <load_address>0xe799</load_address>
         <run_address>0xe799</run_address>
         <size>0x177</size>
         <input_file_ref idref="fl-14"/>
      </object_component>
      <object_component id="oc-162">
         <name>.debug_info</name>
         <load_address>0xe910</load_address>
         <run_address>0xe910</run_address>
         <size>0x28e</size>
         <input_file_ref idref="fl-14"/>
      </object_component>
      <object_component id="oc-2bb">
         <name>.debug_info</name>
         <load_address>0xeb9e</load_address>
         <run_address>0xeb9e</run_address>
         <size>0x1aa</size>
         <input_file_ref idref="fl-14"/>
      </object_component>
      <object_component id="oc-2b6">
         <name>.debug_info</name>
         <load_address>0xed48</load_address>
         <run_address>0xed48</run_address>
         <size>0x1a6</size>
         <input_file_ref idref="fl-14"/>
      </object_component>
      <object_component id="oc-2af">
         <name>.debug_info</name>
         <load_address>0xeeee</load_address>
         <run_address>0xeeee</run_address>
         <size>0x17d</size>
         <input_file_ref idref="fl-14"/>
      </object_component>
      <object_component id="oc-2c2">
         <name>.debug_info</name>
         <load_address>0xf06b</load_address>
         <run_address>0xf06b</run_address>
         <size>0x17f</size>
         <input_file_ref idref="fl-14"/>
      </object_component>
      <object_component id="oc-3ac">
         <name>.debug_info</name>
         <load_address>0xf1ea</load_address>
         <run_address>0xf1ea</run_address>
         <size>0x1e1</size>
         <input_file_ref idref="fl-15"/>
      </object_component>
      <object_component id="oc-1aa">
         <name>.debug_info</name>
         <load_address>0xf3cb</load_address>
         <run_address>0xf3cb</run_address>
         <size>0x1af</size>
         <input_file_ref idref="fl-15"/>
      </object_component>
      <object_component id="oc-260">
         <name>.debug_info</name>
         <load_address>0xf57a</load_address>
         <run_address>0xf57a</run_address>
         <size>0x1b1</size>
         <input_file_ref idref="fl-15"/>
      </object_component>
      <object_component id="oc-19e">
         <name>.debug_info</name>
         <load_address>0xf72b</load_address>
         <run_address>0xf72b</run_address>
         <size>0x1b9</size>
         <input_file_ref idref="fl-15"/>
      </object_component>
      <object_component id="oc-23c">
         <name>.debug_info</name>
         <load_address>0xf8e4</load_address>
         <run_address>0xf8e4</run_address>
         <size>0x1eb</size>
         <input_file_ref idref="fl-15"/>
      </object_component>
      <object_component id="oc-1a4">
         <name>.debug_info</name>
         <load_address>0xfacf</load_address>
         <run_address>0xfacf</run_address>
         <size>0x1e3</size>
         <input_file_ref idref="fl-15"/>
      </object_component>
      <object_component id="oc-123">
         <name>.debug_info</name>
         <load_address>0xfcb2</load_address>
         <run_address>0xfcb2</run_address>
         <size>0x1ba</size>
         <input_file_ref idref="fl-15"/>
      </object_component>
      <object_component id="oc-248">
         <name>.debug_info</name>
         <load_address>0xfe6c</load_address>
         <run_address>0xfe6c</run_address>
         <size>0x23b</size>
         <input_file_ref idref="fl-15"/>
      </object_component>
      <object_component id="oc-26c">
         <name>.debug_info</name>
         <load_address>0x100a7</load_address>
         <run_address>0x100a7</run_address>
         <size>0x20a</size>
         <input_file_ref idref="fl-15"/>
      </object_component>
      <object_component id="oc-24e">
         <name>.debug_info</name>
[...]
         <value>0x200094cd</value>
         <object_component_ref idref="oc-1b5"/>
      </symbol>
      <symbol id="sm-447">
         <name>GPIOIntClear</name>
         <value>0x2000a39d</value>
         <object_component_ref idref="oc-134"/>
      </symbol>
      <symbol id="sm-448">
         <name>GPIOPinRead</name>
         <value>0x2000a257</value>
         <object_component_ref idref="oc-13a"/>
      </symbol>
      <symbol id="sm-449">
         <name>GPIODirModeSet</name>
         <value>0x20009d6d</value>
         <object_component_ref idref="oc-2f9"/>
      </symbol>
      <symbol id="sm-44a">
         <name>GPIOPinWrite</name>
         <value>0x2000a00f</value>
         <object_component_ref idref="oc-273"/>
      </symbol>
      <symbol id="sm-4c1">
         <name>IntPrioritySet</name>
         <value>0x200099cd</value>
         <object_component_ref idref="oc-241"/>
      </symbol>
      <symbol id="sm-4c2">
         <name>IntVTableBaseSet</name>
         <value>0x2000a3b1</value>
         <object_component_ref idref="oc-ef"/>
      </symbol>
      <symbol id="sm-4c3">
         <name>IntEnable</name>
         <value>0x20008f95</value>
         <object_component_ref idref="oc-fb"/>
      </symbol>
      <symbol id="sm-4c4">
         <name>IntDisable</name>
         <value>0x20008eed</value>
         <object_component_ref idref="oc-3b2"/>
      </symbol>
      <symbol id="sm-4c5">
         <name>IntRegister</name>
         <value>0x2000a031</value>
         <object_component_ref idref="oc-324"/>
      </symbol>
      <symbol id="sm-4c6">
         <name>IntUnregister</name>
         <value>0x20009f5d</value>
         <object_component_ref idref="oc-3b8"/>
      </symbol>
      <symbol id="sm-4c7">
         <name>IntMasterEnable</name>
         <value>0x2000a437</value>
         <object_component_ref idref="oc-f5"/>
      </symbol>
      <symbol id="sm-50e">
         <name>PinTypeI2C</name>
         <value>0x2000a161</value>
         <object_component_ref idref="oc-2ff"/>
      </symbol>
      <symbol id="sm-50f">
         <name>PinTypeUART</name>
         <value>0x2000a23d</value>
         <object_component_ref idref="oc-30b"/>
      </symbol>
      <symbol id="sm-510">
         <name>PinTypeGPIO</name>
         <value>0x20009da3</value>
         <object_component_ref idref="oc-2f3"/>
      </symbol>
      <symbol id="sm-511">
         <name>PinConfigSet</name>
         <value>0x20009339</value>
         <object_component_ref idref="oc-3e8"/>
      </symbol>
      <symbol id="sm-512">
         <name>PinTypeSPI</name>
         <value>0x2000a223</value>
         <object_component_ref idref="oc-305"/>
      </symbol>
      <symbol id="sm-513">
         <name>PinModeSet</name>
         <value>0x20009c71</value>
         <object_component_ref idref="oc-2ed"/>
      </symbol>
      <symbol id="sm-599">
         <name>PRCMPeripheralReset</name>
         <value>0x2000991d</value>
         <object_component_ref idref="oc-173"/>
      </symbol>
      <symbol id="sm-59a">
         <name>PRCMPeripheralClkEnable</name>
         <value>0x20009d31</value>
         <object_component_ref idref="oc-197"/>
      </symbol>
      <symbol id="sm-59b">
         <name>PRCMPeripheralClockGet</name>
         <value>0x20009211</value>
         <object_component_ref idref="oc-15b"/>
      </symbol>
      <symbol id="sm-59c">
         <name>PRCMCC3200MCUInit</name>
         <value>0x20008369</value>
         <object_component_ref idref="oc-101"/>
      </symbol>
      <symbol id="sm-59d">
         <name>PRCMHIBRegWrite</name>
         <value>0x2000a35d</value>
         <object_component_ref idref="oc-29d"/>
      </symbol>
      <symbol id="sm-59e">
         <name>PRCMSysResetCauseGet</name>
         <value>0x20009e65</value>
         <object_component_ref idref="oc-291"/>
      </symbol>
      <symbol id="sm-59f">
         <name>PRCMPeripheralClkDisable</name>
         <value>0x20009ee5</value>
         <object_component_ref idref="oc-2a3"/>
      </symbol>
      <symbol id="sm-5a0">
         <name>PRCMHIBRegRead</name>
         <value>0x2000a347</value>
         <object_component_ref idref="oc-297"/>
      </symbol>
      <symbol id="sm-5e5">
         <name>SPICSEnable</name>
         <value>0x2000a287</value>
         <object_component_ref idref="oc-2ae"/>
      </symbol>
      <symbol id="sm-5e6">
         <name>SPIDataPut</name>
         <value>0x2000a08f</value>
         <object_component_ref idref="oc-2b4"/>
      </symbol>
      <symbol id="sm-5e7">
         <name>SPIEnable</name>
         <value>0x2000a29f</value>
         <object_component_ref idref="oc-167"/>
      </symbol>
      <symbol id="sm-5e8">
         <name>SPIDataGet</name>
         <value>0x2000a051</value>
         <object_component_ref idref="oc-2ba"/>
      </symbol>
      <symbol id="sm-5e9">
         <name>SPIConfigSetExpClk</name>
         <value>0x2000903d</value>
         <object_component_ref idref="oc-161"/>
      </symbol>
      <symbol id="sm-5ea">
         <name>SPIReset</name>
         <value>0x20009fed</value>
         <object_component_ref idref="oc-155"/>
      </symbol>
      <symbol id="sm-5eb">
         <name>SPICSDisable</name>
         <value>0x2000a26f</value>
         <object_component_ref idref="oc-2c0"/>
      </symbol>
      <symbol id="sm-66f">
         <name>TimerLoadSet</name>
         <value>0x20009e91</value>
         <object_component_ref idref="oc-1a3"/>
      </symbol>
      <symbol id="sm-670">
         <name>TimerDisable</name>
         <value>0x2000a0ad</value>
         <object_component_ref idref="oc-25f"/>
      </symbol>
      <symbol id="sm-671">
         <name>TimerIntRegister</name>
         <value>0x20009641</value>
         <object_component_ref idref="oc-247"/>
      </symbol>
      <symbol id="sm-672">
         <name>TimerEnable</name>
         <value>0x2000a0cb</value>
         <object_component_ref idref="oc-1a9"/>
      </symbol>
      <symbol id="sm-673">
         <name>TimerIntUnregister</name>
         <value>0x20009791</value>
         <object_component_ref idref="oc-26b"/>
      </symbol>
      <symbol id="sm-674">
         <name>TimerIntStatus</name>
         <value>0x2000a0e9</value>
         <object_component_ref idref="oc-253"/>
      </symbol>
      <symbol id="sm-675">
         <name>TimerIntDisable</name>
         <value>0x2000a2b7</value>
         <object_component_ref idref="oc-265"/>
      </symbol>
      <symbol id="sm-676">
         <name>TimerValueGet</name>
         <value>0x2000a17d</value>
         <object_component_ref idref="oc-122"/>
      </symbol>
      <symbol id="sm-677">
         <name>TimerPrescaleSet</name>
         <value>0x20009ebb</value>
         <object_component_ref idref="oc-23b"/>
      </symbol>
      <symbol id="sm-678">
         <name>TimerIntEnable</name>
         <value>0x2000a2cf</value>
         <object_component_ref idref="oc-24d"/>
      </symbol>
      <symbol id="sm-679">
         <name>TimerConfigure</name>
         <value>0x20009ba5</value>
         <object_component_ref idref="oc-19d"/>
      </symbol>
      <symbol id="sm-67a">
         <name>TimerIntClear</name>
         <value>0x2000a3d9</value>
         <object_component_ref idref="oc-259"/>
      </symbol>
      <symbol id="sm-6fa">
         <name>UARTConfigSetExpClk</name>
         <value>0x200095c9</value>
         <object_component_ref idref="oc-179"/>
      </symbol>
      <symbol id="sm-6fb">
         <name>UARTDisable</name>
         <value>0x20009dd5</value>
         <object_component_ref idref="oc-317"/>
      </symbol>
      <symbol id="sm-6fc">
         <name>UARTIntEnable</name>
         <value>0x2000a317</value>
         <object_component_ref idref="oc-185"/>
      </symbol>
      <symbol id="sm-6fd">
         <name>UARTCharsAvail</name>
         <value>0x2000a2e7</value>
         <object_component_ref idref="oc-dd"/>
      </symbol>
      <symbol id="sm-6fe">
         <name>UARTCharGetNonBlocking</name>
         <value>0x2000a199</value>
         <object_component_ref idref="oc-d1"/>
      </symbol>
      <symbol id="sm-6ff">
         <name>UARTCharPut</name>
         <value>0x2000a107</value>
         <object_component_ref idref="oc-14f"/>
      </symbol>
      <symbol id="sm-700">
         <name>UARTEnable</name>
         <value>0x20009f81</value>
         <object_component_ref idref="oc-191"/>
      </symbol>
      <symbol id="sm-701">
         <name>UARTIntClear</name>
         <value>0x2000a3eb</value>
         <object_component_ref idref="oc-cb"/>
      </symbol>
      <symbol id="sm-702">
         <name>UARTIntStatus</name>
         <value>0x2000a143</value>
         <object_component_ref idref="oc-c5"/>
      </symbol>
      <symbol id="sm-703">
         <name>UARTFIFOLevelSet</name>
         <value>0x2000a2ff</value>
         <object_component_ref idref="oc-18b"/>
      </symbol>
      <symbol id="sm-704">
         <name>UARTIntRegister</name>
         <value>0x2000a125</value>
         <object_component_ref idref="oc-17f"/>
      </symbol>
      <symbol id="sm-708">
         <name>UtilsDelay</name>
         <value>0x2000a451</value>
         <object_component_ref idref="oc-3cd"/>
      </symbol>
      <symbol id="sm-712">
         <name>CPUcpsie</name>
         <value>0x2000a389</value>
         <object_component_ref idref="oc-286"/>
      </symbol>
      <symbol id="sm-742">
         <name>vsnprintf</name>
         <value>0x20009cb1</value>
         <object_component_ref idref="oc-20d"/>
      </symbol>
      <symbol id="sm-750">
         <name>__aeabi_cfrcmple</name>
         <value>0x20009861</value>
         <object_component_ref idref="oc-14a"/>
      </symbol>
      <symbol id="sm-75d">
         <name>__aeabi_fdiv</name>
         <value>0x200092a5</value>
         <object_component_ref idref="oc-145"/>
      </symbol>
      <symbol id="sm-778">
         <name>memcpy</name>
         <value>0x200090dd</value>
         <object_component_ref idref="oc-3d"/>
      </symbol>
      <symbol id="sm-779">
         <name>__aeabi_memcpy</name>
         <value>0x200090dd</value>
         <object_component_ref idref="oc-3d"/>
      </symbol>
      <symbol id="sm-77a">
         <name>__aeabi_memcpy8</name>
         <value>0x200090dd</value>
         <object_component_ref idref="oc-3d"/>
      </symbol>
      <symbol id="sm-77b">
         <name>__aeabi_memcpy4</name>
         <value>0x200090dd</value>
         <object_component_ref idref="oc-3d"/>
      </symbol>
      <symbol id="sm-786">
         <name>__aeabi_ui2f</name>
         <value>0x20009fc9</value>
         <object_component_ref idref="oc-140"/>
      </symbol>
      <symbol id="sm-795">
         <name>__aeabi_memset</name>
         <value>0x20009551</value>
         <object_component_ref idref="oc-8b"/>
      </symbol>
      <symbol id="sm-796">
         <name>memset</name>
         <value>0x20009557</value>
         <object_component_ref idref="oc-8b"/>
      </symbol>
      <symbol id="sm-797">
         <name>__aeabi_memset8</name>
         <value>0x20009551</value>
         <object_component_ref idref="oc-8b"/>
      </symbol>
      <symbol id="sm-798">
         <name>__aeabi_memset4</name>
         <value>0x20009551</value>
         <object_component_ref idref="oc-8b"/>
      </symbol>
      <symbol id="sm-799">
         <name>__aeabi_memclr8</name>
         <value>0x2000954f</value>
         <object_component_ref idref="oc-8b"/>
      </symbol>
      <symbol id="sm-79a">
         <name>__aeabi_memclr4</name>
         <value>0x2000954f</value>
         <object_component_ref idref="oc-8b"/>
      </symbol>
      <symbol id="sm-79b">
         <name>__aeabi_memclr</name>
         <value>0x2000954f</value>
         <object_component_ref idref="oc-8b"/>
      </symbol>
      <symbol id="sm-7a8">
         <name>__aeabi_uldivmod</name>
         <value>0x20009179</value>
         <object_component_ref idref="oc-4af"/>
      </symbol>
      <symbol id="sm-7bc">
         <name>__TI_zero_init_nomemset</name>
         <value>0x2000a1b5</value>
         <object_component_ref idref="oc-49"/>
      </symbol>
      <symbol id="sm-7d3">
         <name>__TI_decompress_none</name>
         <value>0x2000a40f</value>
         <object_component_ref idref="oc-1b"/>
      </symbol>
      <symbol id="sm-7f6">
         <name>__TI_decompress_lzss</name>
         <value>0x200097f9</value>
         <object_component_ref idref="oc-15"/>
      </symbol>
      <symbol id="sm-807">
         <name>memmove</name>
         <value>0x20009f35</value>
         <object_component_ref idref="oc-213"/>
      </symbol>
      <symbol id="sm-8a5">
         <name>_sys_memory</name>
         <value>0x20017000</value>
         <object_component_ref idref="oc-23"/>
      </symbol>
      <symbol id="sm-8a6">
         <name>free</name>
         <value>0x20008ba1</value>
         <object_component_ref idref="oc-225"/>
      </symbol>
      <symbol id="sm-8a7">
         <name>realloc</name>
         <value>0x20008c85</value>
         <object_component_ref idref="oc-21f"/>
      </symbol>
      <symbol id="sm-8a8">
         <name>memalign</name>
         <value>0x200089a5</value>
         <object_component_ref idref="oc-37d"/>
      </symbol>
      <symbol id="sm-8a9">
         <name>malloc</name>
         <value>0x2000a449</value>
         <object_component_ref idref="oc-219"/>
      </symbol>
      <symbol id="sm-8aa">
         <name>aligned_alloc</name>
         <value>0x200089a5</value>
         <object_component_ref idref="oc-37d"/>
      </symbol>
      <symbol id="sm-8b8">
         <name>strlen</name>
         <value>0x2000a3c5</value>
         <object_component_ref idref="oc-128"/>
      </symbol>
      <symbol id="sm-8ca">
         <name>__stack</name>
         <value>0x2002f800</value>
         <object_component_ref idref="oc-26"/>
      </symbol>
      <symbol id="sm-8cb">
         <name>_c_int00_noargs</name>
         <value>0x20009fa5</value>
         <object_component_ref idref="oc-5b"/>
      </symbol>
      <symbol id="sm-a30">
         <name>__TI_printfi</name>
         <value>0x20005dc5</value>
         <object_component_ref idref="oc-35d"/>
      </symbol>
      <symbol id="sm-a3a">
         <name>__aeabi_idiv0</name>
         <value>0x20008753</value>
         <object_component_ref idref="oc-52e"/>
      </symbol>
      <symbol id="sm-a3b">
         <name>__aeabi_ldiv0</name>
         <value>0x20008753</value>
         <object_component_ref idref="oc-52e"/>
      </symbol>
      <symbol id="sm-a52">
         <name>__aeabi_dsub</name>
         <value>0x20008019</value>
         <object_component_ref idref="oc-4d5"/>
      </symbol>
      <symbol id="sm-a53">
         <name>__aeabi_dadd</name>
         <value>0x20008023</value>
         <object_component_ref idref="oc-4d5"/>
      </symbol>
      <symbol id="sm-a75">
         <name>__aeabi_cdcmpeq</name>
         <value>0x200093c1</value>
         <object_component_ref idref="oc-434"/>
      </symbol>
      <symbol id="sm-a76">
         <name>__aeabi_cdcmple</name>
         <value>0x200093c1</value>
         <object_component_ref idref="oc-434"/>
      </symbol>
      <symbol id="sm-a77">
         <name>__aeabi_cdrcmple</name>
         <value>0x20009447</value>
         <object_component_ref idref="oc-4c0"/>
      </symbol>
      <symbol id="sm-a8b">
         <name>__aeabi_ddiv</name>
         <value>0x2000861d</value>
         <object_component_ref idref="oc-4bb"/>
      </symbol>
      <symbol id="sm-a96">
         <name>__aeabi_dmul</name>
         <value>0x20008aa5</value>
         <object_component_ref idref="oc-4b6"/>
      </symbol>
      <symbol id="sm-aa0">
         <name>__aeabi_d2iz</name>
         <value>0x20009b5d</value>
         <object_component_ref idref="oc-4c5"/>
      </symbol>
      <symbol id="sm-aaa">
         <name>__aeabi_i2d</name>
         <value>0x20009e35</value>
         <object_component_ref idref="oc-4d0"/>
      </symbol>
      <symbol id="sm-ad2">
         <name>__TI_auto_init_nobinit_nopinit</name>
         <value>0x20009c2d</value>
         <object_component_ref idref="oc-1d3"/>
      </symbol>
      <symbol id="sm-adc">
         <name>_system_pre_init</name>
         <value>0x2000a457</value>
         <object_component_ref idref="oc-91"/>
      </symbol>
      <symbol id="sm-ae8">
         <name>C$$EXIT</name>
         <value>0x2000a45b</value>
         <object_component_ref idref="oc-1c7"/>
      </symbol>
      <symbol id="sm-ae9">
         <name>abort</name>
         <value>0x2000a45b</value>
         <object_component_ref idref="oc-1c7"/>
      </symbol>
      <symbol id="sm-afe">
         <name>_nop</name>
         <value>0x200081cf</value>
         <object_component_ref idref="oc-409"/>
      </symbol>
      <symbol id="sm-aff">
         <name>_lock</name>
         <value>0x200178e0</value>
         <object_component_ref idref="oc-341"/>
      </symbol>
      <symbol id="sm-b00">
         <name>_unlock</name>
         <value>0x200178e4</value>
         <object_component_ref idref="oc-341"/>
      </symbol>
      <symbol id="sm-b0f">
         <name>__TI_ltoa</name>
         <value>0x20009a21</value>
         <object_component_ref idref="oc-4ca"/>
      </symbol>
      <symbol id="sm-b26">
         <name>atoi</name>
         <value>0x20009ac9</value>
         <object_component_ref idref="oc-428"/>
      </symbol>
      <symbol id="sm-b31">
         <name>_ctypes_</name>
         <value>0x2000a95b</value>
         <object_component_ref idref="oc-4aa"/>
      </symbol>
      <symbol id="sm-b41">
         <name>memccpy</name>
         <value>0x2000a1ed</value>
         <object_component_ref idref="oc-451"/>
      </symbol>
      <symbol id="sm-b51">
         <name>strchr</name>
         <value>0x2000a373</value>
         <object_component_ref idref="oc-501"/>
      </symbol>
      <symbol id="sm-b67">
         <name>__aeabi_errno_addr</name>
         <value>0x2000a441</value>
         <object_component_ref idref="oc-45d"/>
      </symbol>
      <symbol id="sm-b68">
         <name>errno</name>
         <value>0x200178f0</value>
         <object_component_ref idref="oc-511"/>
      </symbol>
      <symbol id="sm-b81">
         <name>wcslen</name>
         <value>0x2000a3fd</value>
         <object_component_ref idref="oc-457"/>
      </symbol>
      <symbol id="sm-ba1">
         <name>frexpl</name>
         <value>0x200098c1</value>
         <object_component_ref idref="oc-4f5"/>
      </symbol>
      <symbol id="sm-ba2">
         <name>frexp</name>
         <value>0x200098c1</value>
         <object_component_ref idref="oc-4f5"/>
      </symbol>
      <symbol id="sm-bc0">
         <name>scalbn</name>
         <value>0x20008d69</value>
         <object_component_ref idref="oc-4fb"/>
      </symbol>
      <symbol id="sm-bc1">
         <name>scalbnl</name>
         <value>0x20008d69</value>
         <object_component_ref idref="oc-4fb"/>
      </symbol>
      <symbol id="sm-bc2">
         <name>ldexpl</name>
         <value>0x20008d69</value>
         <object_component_ref idref="oc-4fb"/>
      </symbol>
      <symbol id="sm-bc3">
         <name>ldexp</name>
         <value>0x20008d69</value>
         <object_component_ref idref="oc-4fb"/>
      </symbol>
      <symbol id="sm-bcd">
         <name>copysign</name>
         <value>0x2000a42b</value>
         <object_component_ref idref="oc-547"/>
      </symbol>
      <symbol id="sm-bce">
         <name>copysignl</name>
         <value>0x2000a42b</value>
         <object_component_ref idref="oc-547"/>
      </symbol>
      <symbol id="sm-bcf">
         <name>__TI_static_base__</name>
         <value>0x2000ad60</value>
      </symbol>
      <symbol id="sm-bd2">
         <name>__mpu_init</name>
         <value>0x0</value>
      </symbol>
      <symbol id="sm-bd3">
         <name>_system_post_cinit</name>
         <value>0x0</value>
      </symbol>
   </symbol_table>
   <title>Link successful</title>
</link_info>
