******************************************************************************
                  TI ARM Linker PC v20.2.7                     
******************************************************************************
>> Linked Mon Apr 28 12:46:43 2025

OUTPUT FILE NAME:   <lab3.out>
ENTRY POINT SYMBOL: "_c_int00_noargs"  address: 20007985


MEMORY CONFIGURATION

         name            origin    length      used     unused   attr    fill
----------------------  --------  ---------  --------  --------  ----  --------
  SRAM_CODE             20004000   00013000  000040f6  0000ef0a  RW X
  SRAM_DATA             20017000   00019000  0000104f  00017fb1  RW X


SEGMENT ALLOCATION MAP

run origin  load origin   length   init length attrs members
----------  ----------- ---------- ----------- ----- -------
20004000    20004000    000040f8   000040f8    r-x
  20004000    20004000    00000400   00000400    r-- .intvecs
  20004400    20004400    000038fe   000038fe    r-x .text
  20007d00    20007d00    000003b0   000003b0    r-- .const
  200080b0    200080b0    00000048   00000048    r-- .cinit
20017000    20017000    0000084f   00000000    rw-
  20017000    20017000    00000800   00000000    rw- .sysmem
  20017800    20017800    0000003c   00000000    rw- .data
  2001783c    2001783c    00000013   00000000    rw- .bss
2002f800    2002f800    00000800   00000000    rw-
  2002f800    2002f800    00000800   00000000    rw- .stack


SECTION ALLOCATION MAP

 output                                  attributes/
section   page    origin      length       input sections
--------  ----  ----------  ----------   ----------------
.intvecs   0    20004000    00000400     
                  20004000    00000400     startup_ccs.obj (.intvecs)

.init_array 
*          0    20004000    00000000     UNINITIALIZED

.text      0    20004400    000038fe     
                  20004400    00000a4e     rtsv7M4_T_le_eabi.lib : _printfi.c.obj (.text:__TI_printfi)
                  20004e4e    00000002     driverlib.a : interrupt.obj (.text:IntDefaultHandler)
                  20004e50    00000398     gpio_if.obj (.text)
                  200051e8    0000027c     uart_if.obj (.text)
                  20005464    00000268     rtsv7M4_T_le_eabi.lib : _printfi.c.obj (.text:_pconv_a)
                  200056cc    0000023c     main.obj (.text)
                  20005908    000001cc     rtsv7M4_T_le_eabi.lib : _printfi.c.obj (.text:_pconv_g)
                  20005ad4    000001b6                           : fd_add_t2.asm.obj (.text)
                  20005c8a    00000002                           : _lock.c.obj (.text:_nop)
                  20005c8c    00000198     timer_if.obj (.text)
                  20005e24    00000178     driverlib.a : prcm.obj (.text:PRCMCC3200MCUInit)
                  20005f9c    0000013c     rtsv7M4_T_le_eabi.lib : _printfi.c.obj (.text:_pconv_e)
                  200060d8    00000136                           : fd_div_t2.asm.obj (.text)
                  2000620e    00000002                           : div0.asm.obj (.text)
                  20006210    00000120                           : _printfi.c.obj (.text:fcvt)
                  20006330    00000100                           : memory.c.obj (.text:aligned_alloc)
                  20006430    000000fc                           : fd_mul_t2.asm.obj (.text)
                  2000652c    000000e4                           : memory.c.obj (.text:free)
                  20006610    000000e4                           : memory.c.obj (.text:realloc)
                  200066f4    000000e2     pin_mux_config.obj (.text)
                  200067d6    00000002     --HOLE-- [fill = 0]
                  200067d8    000000d0     rtsv7M4_T_le_eabi.lib : s_scalbn.c.obj (.text:scalbn)
                  200068a8    000000b1                           : _printfi.c.obj (.text:_ltostr)
                  20006959    00000003     --HOLE-- [fill = 0]
                  2000695c    000000a8     driverlib.a : interrupt.obj (.text:IntDisable)
                  20006a04    000000a8                 : interrupt.obj (.text:IntEnable)
                  20006aac    0000009c     rtsv7M4_T_le_eabi.lib : memcpy_t2.asm.obj (.text)
                  20006b48    00000096                           : ull_div_t2.asm.obj (.text)
                  20006bde    00000002     --HOLE-- [fill = 0]
                  20006be0    00000094     driverlib.a : prcm.obj (.text:PRCMPeripheralClockGet)
                  20006c74    00000092     rtsv7M4_T_le_eabi.lib : fs_div_t2.asm.obj (.text)
                  20006d06    00000002     --HOLE-- [fill = 0]
                  20006d08    00000088     driverlib.a : pin.obj (.text:PinConfigSet)
                  20006d90    00000086     rtsv7M4_T_le_eabi.lib : fd_cmp_t2.asm.obj (.text:__aeabi_cdcmple)
                  20006e16    00000086                           : fd_cmp_t2.asm.obj (.text:__aeabi_cdrcmple)
                  20006e9c    00000082     driverlib.a : gpio.obj (.text:GPIOIntTypeSet)
                  20006f1e    0000007a     rtsv7M4_T_le_eabi.lib : memset_t2.asm.obj (.text)
                  20006f98    00000076     driverlib.a : uart.obj (.text:UARTConfigSetExpClk)
                  2000700e    00000002     --HOLE-- [fill = 0]
                  20007010    00000070                 : timer.obj (.text:TimerIntRegister)
                  20007080    00000070     rtsv7M4_T_le_eabi.lib : memory.c.obj (.text:split)
                  200070f0    0000006e                           : _printfi.c.obj (.text:_mcpy)
                  2000715e    00000002     --HOLE-- [fill = 0]
                  20007160    00000068     driverlib.a : timer.obj (.text:TimerIntUnregister)
                  200071c8    00000068     rtsv7M4_T_le_eabi.lib : copy_decompress_lzss.c.obj (.text:decompress:lzss:__TI_decompress_lzss)
                  20007230    0000005c                           : s_frexp.c.obj (.text:frexp)
                  2000728c    00000058     driverlib.a : prcm.obj (.text:PRCMPeripheralReset)
                  200072e4    00000056     rtsv7M4_T_le_eabi.lib : _printfi.c.obj (.text:_pconv_f)
                  2000733a    00000002     --HOLE-- [fill = 0]
                  2000733c    00000054     driverlib.a : interrupt.obj (.text:IntPrioritySet)
                  20007390    00000054     rtsv7M4_T_le_eabi.lib : _ltoa.c.obj (.text:__TI_ltoa)
                  200073e4    00000052                           : _printfi.c.obj (.text:_ecpy)
                  20007436    00000002     --HOLE-- [fill = 0]
                  20007438    0000004c                           : atoi.c.obj (.text:atoi)
                  20007484    0000004c                           : snprintf.c.obj (.text:snprintf)
                  200074d0    00000048     driverlib.a : gpio.obj (.text:GPIOGetIntNumber)
                  20007518    00000048     rtsv7M4_T_le_eabi.lib : fd_toi_t2.asm.obj (.text)
                  20007560    00000044     driverlib.a : timer.obj (.text:TimerConfigure)
                  200075a4    00000044     rtsv7M4_T_le_eabi.lib : autoinit.c.obj (.text:__TI_auto_init_nobinit_nopinit:__TI_auto_init_nobinit_nopinit)
                  200075e8    00000040     driverlib.a : pin.obj (.text:PinModeSet)
                  20007628    00000040     rtsv7M4_T_le_eabi.lib : vsnprintf.c.obj (.text:vsnprintf)
                  20007668    0000003e                           : _printfi.c.obj (.text:_fcpy)
                  200076a6    00000002     --HOLE-- [fill = 0]
                  200076a8    0000003c     driverlib.a : prcm.obj (.text:PRCMPeripheralClkEnable)
                  200076e4    00000038     rtsv7M4_T_le_eabi.lib : fs_tod_t2.asm.obj (.text)
                  2000771c    00000036     driverlib.a : gpio.obj (.text:GPIODirModeSet)
                  20007752    00000030                 : pin.obj (.text:PinTypeGPIO)
                  20007782    00000002     --HOLE-- [fill = 0]
                  20007784    00000030                 : uart.obj (.text:UARTDisable)
                  200077b4    00000030     rtsv7M4_T_le_eabi.lib : snprintf.c.obj (.text:_outs)
                  200077e4    00000030                           : vsnprintf.c.obj (.text:_outs)
                  20007814    0000002e                           : i_tofd_t2.asm.obj (.text)
                  20007842    00000002     --HOLE-- [fill = 0]
                  20007844    0000002c     driverlib.a : prcm.obj (.text:PRCMSysResetCauseGet)
                  20007870    0000002a                 : timer.obj (.text:TimerLoadSet)
                  2000789a    0000002a                 : timer.obj (.text:TimerPrescaleSet)
                  200078c4    00000028                 : prcm.obj (.text:PRCMPeripheralClkDisable)
                  200078ec    00000028     rtsv7M4_T_le_eabi.lib : memory.c.obj (.text:free_list_insert)
                  20007914    00000028                           : memmov.c.obj (.text:memmove)
                  2000793c    00000024     driverlib.a : interrupt.obj (.text:IntUnregister)
                  20007960    00000024                 : uart.obj (.text:UARTEnable)
                  20007984    00000024     rtsv7M4_T_le_eabi.lib : boot_cortex_m.c.obj (.text:_c_int00_noargs:_c_int00_noargs)
                  200079a8    00000024                           : u_tofs_t2.asm.obj (.text)
                  200079cc    00000020     driverlib.a : gpio.obj (.text:GPIOPinWrite)
                  200079ec    00000020                 : interrupt.obj (.text:IntRegister)
                  20007a0c    0000001e                 : gpio.obj (.text:GPIOIntRegister)
                  20007a2a    0000001e                 : timer.obj (.text:TimerDisable)
                  20007a48    0000001e                 : timer.obj (.text:TimerEnable)
                  20007a66    0000001e                 : timer.obj (.text:TimerIntStatus)
                  20007a84    0000001e                 : uart.obj (.text:UARTCharPut)
                  20007aa2    0000001c                 : timer.obj (.text:TimerValueGet)
                  20007abe    0000001c                 : uart.obj (.text:UARTCharGetNonBlocking)
                  20007ada    0000001c     rtsv7M4_T_le_eabi.lib : copy_zero_init.c.obj (.text:decompress:ZI:__TI_zero_init_nomemset:__TI_zero_init_nomemset)
                  20007af6    00000002     --HOLE-- [fill = 0]
                  20007af8    0000001c                           : memory.c.obj (.text:free_list_remove)
                  20007b14    0000001c                           : memccpy.c.obj (.text:memccpy)
                  20007b30    0000001a     driverlib.a : gpio.obj (.text:GPIOIntEnable)
                  20007b4a    0000001a                 : pin.obj (.text:PinTypeUART)
                  20007b64    00000018                 : gpio.obj (.text:GPIOPinRead)
                  20007b7c    00000018                 : timer.obj (.text:TimerIntDisable)
                  20007b94    00000018                 : timer.obj (.text:TimerIntEnable)
                  20007bac    00000018                 : uart.obj (.text:UARTCharsAvail)
                  20007bc4    00000018     rtsv7M4_T_le_eabi.lib : snprintf.c.obj (.text:_outc)
                  20007bdc    00000018                           : vsnprintf.c.obj (.text:_outc)
                  20007bf4    00000016     driverlib.a : prcm.obj (.text:PRCMHIBRegRead)
                  20007c0a    00000016                 : prcm.obj (.text:PRCMHIBRegWrite)
                  20007c20    00000016     rtsv7M4_T_le_eabi.lib : strchr.c.obj (.text:strchr)
                  20007c36    00000014     driverlib.a : cpu.obj (.text:CPUcpsie)
                  20007c4a    00000014                 : gpio.obj (.text:GPIOIntClear)
                  20007c5e    00000002     --HOLE-- [fill = 0]
                  20007c60    00000014                 : interrupt.obj (.text:IntVTableBaseSet)
                  20007c74    00000014     rtsv7M4_T_le_eabi.lib : strlen.c.obj (.text:strlen)
                  20007c88    00000012     driverlib.a : timer.obj (.text:TimerIntClear)
                  20007c9a    00000012     rtsv7M4_T_le_eabi.lib : wcslen.c.obj (.text:wcslen)
                  20007cac    0000000e                           : copy_decompress_none.c.obj (.text:decompress:none:__TI_decompress_none)
                  20007cba    0000000e     startup_ccs.obj (.text)
                  20007cc8    0000000c     rtsv7M4_T_le_eabi.lib : s_copysign.c.obj (.text:copysign)
                  20007cd4    0000000a     driverlib.a : interrupt.obj (.text:IntMasterEnable)
                  20007cde    00000002     --HOLE-- [fill = 0]
                  20007ce0    00000008     rtsv7M4_T_le_eabi.lib : errno.c.obj (.text:__aeabi_errno_addr)
                  20007ce8    00000008                           : memory.c.obj (.text:malloc)
                  20007cf0    00000006     driverlib.a : utils.obj (.text:UtilsDelay)
                  20007cf6    00000004     rtsv7M4_T_le_eabi.lib : pre_init.c.obj (.text:_system_pre_init)
                  20007cfa    00000004                           : exit.c.obj (.text:abort:abort)

.const     0    20007d00    000003b0     
                  20007d00    00000101     rtsv7M4_T_le_eabi.lib : ctype.c.obj (.const:.string:_ctypes_)
                  20007e01    00000003     --HOLE-- [fill = 0]
                  20007e04    00000100     driverlib.a : pin.obj (.const:g_ulPinToPadMap)
                  20007f04    000000d4                 : interrupt.obj (.const:g_pulRegs)
                  20007fd8    000000a8                 : prcm.obj (.const:PRCM_PeriphRegsList)
                  20008080    00000018                 : interrupt.obj (.const:g_pulDisRegs)
                  20008098    00000018                 : interrupt.obj (.const:g_pulEnRegs)

.cinit     0    200080b0    00000048     
                  200080b0    00000022     (.cinit..data.load) [load image, compression = lzss]
                  200080d2    00000002     --HOLE-- [fill = 0]
                  200080d4    0000000c     (__TI_handler_table)
                  200080e0    00000008     (.cinit..bss.load) [load image, compression = zero_init]
                  200080e8    00000010     (__TI_cinit_table)

.sysmem    0    20017000    00000800     UNINITIALIZED
                  20017000    00000010     rtsv7M4_T_le_eabi.lib : memory.c.obj (.sysmem)
                  20017010    000007f0     --HOLE--

.data      0    20017800    0000003c     UNINITIALIZED
                  20017800    00000014     gpio_if.obj (.data:ulReg)
                  20017814    0000000c     gpio_if.obj (.data)
                  20017820    00000008     rtsv7M4_T_le_eabi.lib : _lock.c.obj (.data:$O1$$)
                  20017828    00000008                           : memory.c.obj (.data:$O1$$)
                  20017830    00000008     main.obj (.data)
                  20017838    00000004     rtsv7M4_T_le_eabi.lib : errno.c.obj (.data)

.bss       0    2001783c    00000013     UNINITIALIZED
                  2001783c    00000008     main.obj (.bss)
                  20017844    00000004     uart_if.obj (.bss)
                  20017848    00000004     (.common:g_ulTimerInts)
                  2001784c    00000001     (.common:g_ucLED1Pin)
                  2001784d    00000001     (.common:g_ucLED2Pin)
                  2001784e    00000001     (.common:g_ucLED3Pin)

.stack     0    2002f800    00000800     UNINITIALIZED
                  2002f800    00000004     rtsv7M4_T_le_eabi.lib : boot_cortex_m.c.obj (.stack)
                  2002f804    000007fc     --HOLE--

__llvm_prf_cnts 
*          0    20017000    00000000     UNINITIALIZED

MODULE SUMMARY

       Module                       code    ro data   rw data
       ------                       ----    -------   -------
    .\
       startup_ccs.obj              14      1024      0      
       gpio_if.obj                  920     0         35     
       uart_if.obj                  636     0         4      
       main.obj                     572     0         20     
       timer_if.obj                 408     0         0      
       pin_mux_config.obj           226     0         0      
    +--+----------------------------+-------+---------+---------+
       Total:                       2776    1024      59     
                                                             
    C:/TI/CC3200SDK_1.5.0/cc3200-sdk/driverlib/ccs/Release/driverlib.a
       prcm.obj                     800     168       0      
       interrupt.obj                520     260       0      
       timer.obj                    552     0         0      
       pin.obj                      274     256       0      
       gpio.obj                     388     0         0      
       uart.obj                     284     0         0      
       cpu.obj                      20      0         0      
       utils.obj                    6       0         0      
    +--+----------------------------+-------+---------+---------+
       Total:                       2844    684       0      
                                                             
    C:\TI\ccs1250\ccs\tools\compiler\ti-cgt-arm_20.2.7.LTS\lib\rtsv7M4_T_le_eabi.lib
       _printfi.c.obj               4835    0         0      
       memory.c.obj                 900     0         8      
       fd_add_t2.asm.obj            438     0         0      
       fd_div_t2.asm.obj            310     0         0      
       fd_cmp_t2.asm.obj            268     0         0      
       ctype.c.obj                  0       257       0      
       fd_mul_t2.asm.obj            252     0         0      
       s_scalbn.c.obj               208     0         0      
       memcpy_t2.asm.obj            156     0         0      
       ull_div_t2.asm.obj           150     0         0      
       snprintf.c.obj               148     0         0      
       fs_div_t2.asm.obj            146     0         0      
       vsnprintf.c.obj              136     0         0      
       memset_t2.asm.obj            122     0         0      
       copy_decompress_lzss.c.obj   104     0         0      
       s_frexp.c.obj                92      0         0      
       _ltoa.c.obj                  84      0         0      
       atoi.c.obj                   76      0         0      
       fd_toi_t2.asm.obj            72      0         0      
       autoinit.c.obj               68      0         0      
       fs_tod_t2.asm.obj            56      0         0      
       i_tofd_t2.asm.obj            46      0         0      
       memmov.c.obj                 40      0         0      
       boot_cortex_m.c.obj          36      0         0      
       u_tofs_t2.asm.obj            36      0         0      
       copy_zero_init.c.obj         28      0         0      
       memccpy.c.obj                28      0         0      
       strchr.c.obj                 22      0         0      
       strlen.c.obj                 20      0         0      
       wcslen.c.obj                 18      0         0      
       copy_decompress_none.c.obj   14      0         0      
       errno.c.obj                  8       0         4      
       s_copysign.c.obj             12      0         0      
       _lock.c.obj                  2       0         8      
       exit.c.obj                   4       0         0      
       pre_init.c.obj               4       0         0      
       div0.asm.obj                 2       0         0      
    +--+----------------------------+-------+---------+---------+
       Total:                       8941    257       20     
                                                             
       Heap:                        0       0         2048   
       Stack:                       0       0         2048   
       Linker Generated:            0       70        0      
    +--+----------------------------+-------+---------+---------+
       Grand Total:                 14561   2035      4175   


LINKER GENERATED COPY TABLES

__TI_cinit_table @ 200080e8 records: 2, size/record: 8, table size: 16
	.data: load addr=200080b0, load size=00000022 bytes, run addr=20017800, run size=0000003c bytes, compression=lzss
	.bss: load addr=200080e0, load size=00000008 bytes, run addr=2001783c, run size=00000013 bytes, compression=zero_init


LINKER GENERATED HANDLER TABLE

__TI_handler_table @ 200080d4 records: 3, size/record: 4, table size: 12
	index: 0, handler: __TI_decompress_lzss
	index: 1, handler: __TI_decompress_none
	index: 2, handler: __TI_zero_init


GLOBAL SYMBOLS: SORTED ALPHABETICALLY BY Name 

address   name                          
-------   ----                          
20007cfb  C$$EXIT                       
20007c37  CPUcpsie                      
20005229  ClearTerm                     
20005233  Error                         
2000771d  GPIODirModeSet                
20007c4b  GPIOIntClear                  
20007b31  GPIOIntEnable                 
2000573f  GPIOIntHandler                
20007a0d  GPIOIntRegister               
20006e9d  GPIOIntTypeSet                
20007b65  GPIOPinRead                   
200079cd  GPIOPinWrite                  
20005111  GPIO_IF_ConfigureNIntEnable   
2000519d  GPIO_IF_Get                   
200050cb  GPIO_IF_GetPortNPin           
20004e8d  GPIO_IF_LedConfigure          
20004f7f  GPIO_IF_LedOff                
20004ecb  GPIO_IF_LedOn                 
20005033  GPIO_IF_LedStatus             
2000509d  GPIO_IF_LedToggle             
20005159  GPIO_IF_Set                   
2000526b  GetCmd                        
200051e9  InitTerm                      
2000695d  IntDisable                    
20006a05  IntEnable                     
20007cd5  IntMasterEnable               
2000733d  IntPrioritySet                
200079ed  IntRegister                   
2000793d  IntUnregister                 
20007c61  IntVTableBaseSet              
20005207  Message                       
20005e25  PRCMCC3200MCUInit             
20007bf5  PRCMHIBRegRead                
20007c0b  PRCMHIBRegWrite               
200078c5  PRCMPeripheralClkDisable      
200076a9  PRCMPeripheralClkEnable       
20006be1  PRCMPeripheralClockGet        
2000728d  PRCMPeripheralReset           
20007845  PRCMSysResetCauseGet          
20006d09  PinConfigSet                  
200075e9  PinModeSet                    
200066f5  PinMuxConfig                  
20007753  PinTypeGPIO                   
20007b4b  PinTypeUART                   
200053a9  Report                        
20007cbb  ResetISR                      
200056cd  TimerBaseIntHandler           
20007561  TimerConfigure                
20007a2b  TimerDisable                  
20007a49  TimerEnable                   
20007c89  TimerIntClear                 
20007b7d  TimerIntDisable               
20007b95  TimerIntEnable                
20007011  TimerIntRegister              
20007a67  TimerIntStatus                
20007161  TimerIntUnregister            
20007871  TimerLoadSet                  
2000789b  TimerPrescaleSet              
200056e7  TimerRefIntHandler            
20007aa3  TimerValueGet                 
20005dd3  Timer_IF_DeInit               
20005e05  Timer_IF_GetCount             
20005d0d  Timer_IF_Init                 
20005d3f  Timer_IF_IntSetup             
20005d8b  Timer_IF_InterruptClear       
20005ded  Timer_IF_ReLoad               
20005da3  Timer_IF_Start                
20005dc3  Timer_IF_Stop                 
20005311  TrimSpace                     
20007abf  UARTCharGetNonBlocking        
20007a85  UARTCharPut                   
20007bad  UARTCharsAvail                
20006f99  UARTConfigSetExpClk           
20007785  UARTDisable                   
20007961  UARTEnable                    
20007cf1  UtilsDelay                    
20030000  __STACK_END                   
00000800  __STACK_SIZE                  
00000800  __SYSMEM_SIZE                 
200080e8  __TI_CINIT_Base               
200080f8  __TI_CINIT_Limit              
200080d4  __TI_Handler_Table_Base       
200080e0  __TI_Handler_Table_Limit      
200075a5  __TI_auto_init_nobinit_nopinit
200071c9  __TI_decompress_lzss          
20007cad  __TI_decompress_none          
20007391  __TI_ltoa                     
ffffffff  __TI_pprof_out_hndl           
20004401  __TI_printfi                  
ffffffff  __TI_prof_data_size           
ffffffff  __TI_prof_data_start          
200080b0  __TI_static_base__            
20007adb  __TI_zero_init_nomemset       
20006d91  __aeabi_cdcmpeq               
20006d91  __aeabi_cdcmple               
20006e17  __aeabi_cdrcmple              
20007519  __aeabi_d2iz                  
20005adf  __aeabi_dadd                  
200060d9  __aeabi_ddiv                  
20006431  __aeabi_dmul                  
20005ad5  __aeabi_dsub                  
20007ce1  __aeabi_errno_addr            
200076e5  __aeabi_f2d                   
20006c75  __aeabi_fdiv                  
20007815  __aeabi_i2d                   
2000620f  __aeabi_idiv0                 
2000620f  __aeabi_ldiv0                 
20006f1f  __aeabi_memclr                
20006f1f  __aeabi_memclr4               
20006f1f  __aeabi_memclr8               
20006aad  __aeabi_memcpy                
20006aad  __aeabi_memcpy4               
20006aad  __aeabi_memcpy8               
20006f21  __aeabi_memset                
20006f21  __aeabi_memset4               
20006f21  __aeabi_memset8               
200079a9  __aeabi_ui2f                  
20006b49  __aeabi_uldivmod              
ffffffff  __binit__                     
ffffffff  __c_args__                    
UNDEFED   __mpu_init                    
2002f800  __stack                       
20017000  __start___llvm_prf_cnts       
20017000  __stop___llvm_prf_cnts        
20007985  _c_int00_noargs               
20007d00  _ctypes_                      
20017820  _lock                         
20005c8b  _nop                          
20017000  _sys_memory                   
UNDEFED   _system_post_cinit            
20007cf7  _system_pre_init              
20017824  _unlock                       
20007cfb  abort                         
20006331  aligned_alloc                 
20007439  atoi                          
ffffffff  binit                         
20007cc9  copysign                      
20007cc9  copysignl                     
20017838  errno                         
2000652d  free                          
20007231  frexp                         
20007231  frexpl                        
20004000  g_pfnVectors                  
2001784c  g_ucLED1Pin                   
2001784d  g_ucLED2Pin                   
2001784e  g_ucLED3Pin                   
20017814  g_uiLED1Port                  
20017818  g_uiLED2Port                  
2001781c  g_uiLED3Port                  
20017848  g_ulTimerInts                 
200067d9  ldexp                         
200067d9  ldexpl                        
200057eb  main                          
20007ce9  malloc                        
20006331  memalign                      
20007b15  memccpy                       
20006aad  memcpy                        
20007915  memmove                       
20006f27  memset                        
20006611  realloc                       
200067d9  scalbn                        
200067d9  scalbnl                       
20007485  snprintf                      
20007c21  strchr                        
20007c75  strlen                        
20007629  vsnprintf                     
20007c9b  wcslen                        


GLOBAL SYMBOLS: SORTED BY Symbol Address 

address   name                          
-------   ----                          
00000800  __STACK_SIZE                  
00000800  __SYSMEM_SIZE                 
20004000  g_pfnVectors                  
20004401  __TI_printfi                  
20004e8d  GPIO_IF_LedConfigure          
20004ecb  GPIO_IF_LedOn                 
20004f7f  GPIO_IF_LedOff                
20005033  GPIO_IF_LedStatus             
2000509d  GPIO_IF_LedToggle             
200050cb  GPIO_IF_GetPortNPin           
20005111  GPIO_IF_ConfigureNIntEnable   
20005159  GPIO_IF_Set                   
2000519d  GPIO_IF_Get                   
200051e9  InitTerm                      
20005207  Message                       
20005229  ClearTerm                     
20005233  Error                         
2000526b  GetCmd                        
20005311  TrimSpace                     
200053a9  Report                        
200056cd  TimerBaseIntHandler           
200056e7  TimerRefIntHandler            
2000573f  GPIOIntHandler                
200057eb  main                          
20005ad5  __aeabi_dsub                  
20005adf  __aeabi_dadd                  
20005c8b  _nop                          
20005d0d  Timer_IF_Init                 
20005d3f  Timer_IF_IntSetup             
20005d8b  Timer_IF_InterruptClear       
20005da3  Timer_IF_Start                
20005dc3  Timer_IF_Stop                 
20005dd3  Timer_IF_DeInit               
20005ded  Timer_IF_ReLoad               
20005e05  Timer_IF_GetCount             
20005e25  PRCMCC3200MCUInit             
200060d9  __aeabi_ddiv                  
2000620f  __aeabi_idiv0                 
2000620f  __aeabi_ldiv0                 
20006331  aligned_alloc                 
20006331  memalign                      
20006431  __aeabi_dmul                  
2000652d  free                          
20006611  realloc                       
200066f5  PinMuxConfig                  
200067d9  ldexp                         
200067d9  ldexpl                        
200067d9  scalbn                        
200067d9  scalbnl                       
2000695d  IntDisable                    
20006a05  IntEnable                     
20006aad  __aeabi_memcpy                
20006aad  __aeabi_memcpy4               
20006aad  __aeabi_memcpy8               
20006aad  memcpy                        
20006b49  __aeabi_uldivmod              
20006be1  PRCMPeripheralClockGet        
20006c75  __aeabi_fdiv                  
20006d09  PinConfigSet                  
20006d91  __aeabi_cdcmpeq               
20006d91  __aeabi_cdcmple               
20006e17  __aeabi_cdrcmple              
20006e9d  GPIOIntTypeSet                
20006f1f  __aeabi_memclr                
20006f1f  __aeabi_memclr4               
20006f1f  __aeabi_memclr8               
20006f21  __aeabi_memset                
20006f21  __aeabi_memset4               
20006f21  __aeabi_memset8               
20006f27  memset                        
20006f99  UARTConfigSetExpClk           
20007011  TimerIntRegister              
20007161  TimerIntUnregister            
200071c9  __TI_decompress_lzss          
20007231  frexp                         
20007231  frexpl                        
2000728d  PRCMPeripheralReset           
2000733d  IntPrioritySet                
20007391  __TI_ltoa                     
20007439  atoi                          
20007485  snprintf                      
20007519  __aeabi_d2iz                  
20007561  TimerConfigure                
200075a5  __TI_auto_init_nobinit_nopinit
200075e9  PinModeSet                    
20007629  vsnprintf                     
200076a9  PRCMPeripheralClkEnable       
200076e5  __aeabi_f2d                   
2000771d  GPIODirModeSet                
20007753  PinTypeGPIO                   
20007785  UARTDisable                   
20007815  __aeabi_i2d                   
20007845  PRCMSysResetCauseGet          
20007871  TimerLoadSet                  
2000789b  TimerPrescaleSet              
200078c5  PRCMPeripheralClkDisable      
20007915  memmove                       
2000793d  IntUnregister                 
20007961  UARTEnable                    
20007985  _c_int00_noargs               
200079a9  __aeabi_ui2f                  
200079cd  GPIOPinWrite                  
200079ed  IntRegister                   
20007a0d  GPIOIntRegister               
20007a2b  TimerDisable                  
20007a49  TimerEnable                   
20007a67  TimerIntStatus                
20007a85  UARTCharPut                   
20007aa3  TimerValueGet                 
20007abf  UARTCharGetNonBlocking        
20007adb  __TI_zero_init_nomemset       
20007b15  memccpy                       
20007b31  GPIOIntEnable                 
20007b4b  PinTypeUART                   
20007b65  GPIOPinRead                   
20007b7d  TimerIntDisable               
20007b95  TimerIntEnable                
20007bad  UARTCharsAvail                
20007bf5  PRCMHIBRegRead                
20007c0b  PRCMHIBRegWrite               
20007c21  strchr                        
20007c37  CPUcpsie                      
20007c4b  GPIOIntClear                  
20007c61  IntVTableBaseSet              
20007c75  strlen                        
20007c89  TimerIntClear                 
20007c9b  wcslen                        
20007cad  __TI_decompress_none          
20007cbb  ResetISR                      
20007cc9  copysign                      
20007cc9  copysignl                     
20007cd5  IntMasterEnable               
20007ce1  __aeabi_errno_addr            
20007ce9  malloc                        
20007cf1  UtilsDelay                    
20007cf7  _system_pre_init              
20007cfb  C$$EXIT                       
20007cfb  abort                         
20007d00  _ctypes_                      
200080b0  __TI_static_base__            
200080d4  __TI_Handler_Table_Base       
200080e0  __TI_Handler_Table_Limit      
200080e8  __TI_CINIT_Base               
200080f8  __TI_CINIT_Limit              
20017000  __start___llvm_prf_cnts       
20017000  __stop___llvm_prf_cnts        
20017000  _sys_memory                   
20017814  g_uiLED1Port                  
20017818  g_uiLED2Port                  
2001781c  g_uiLED3Port                  
20017820  _lock                         
20017824  _unlock                       
20017838  errno                         
20017848  g_ulTimerInts                 
2001784c  g_ucLED1Pin                   
2001784d  g_ucLED2Pin                   
2001784e  g_ucLED3Pin                   
2002f800  __stack                       
20030000  __STACK_END                   
ffffffff  __TI_pprof_out_hndl           
ffffffff  __TI_prof_data_size           
ffffffff  __TI_prof_data_start          
ffffffff  __binit__                     
ffffffff  __c_args__                    
ffffffff  binit                         
UNDEFED   __mpu_init                    
UNDEFED   _system_post_cinit            

[167 symbols]
