******************************************************************************
                  TI ARM Linker PC v20.2.7                     
******************************************************************************
>> Linked Mon Apr 28 12:10:10 2025

OUTPUT FILE NAME:   <timer.out>
ENTRY POINT SYMBOL: "_c_int00_noargs"  address: 200053e5


MEMORY CONFIGURATION

         name            origin    length      used     unused   attr    fill
----------------------  --------  ---------  --------  --------  ----  --------
  SRAM_CODE             20004000   00013000  0000190e  000116f2  RW X
  SRAM_DATA             20017000   00019000  00001033  00017fcd  RW X


SEGMENT ALLOCATION MAP

run origin  load origin   length   init length attrs members
----------  ----------- ---------- ----------- ----- -------
20004000    20004000    00001910   00001910    r-x
  20004000    20004000    00000400   00000400    r-- .intvecs
  20004400    20004400    00001222   00001222    r-x .text
  20005624    20005624    000002ac   000002ac    r-- .const
  200058d0    200058d0    00000040   00000040    r-- .cinit
20017000    20017000    00000833   00000000    rw-
  20017000    20017000    00000800   00000000    rw- .sysmem
  20017800    20017800    00000024   00000000    rw- .data
  20017824    20017824    0000000f   00000000    rw- .bss
2002f800    2002f800    00000800   00000000    rw-
  2002f800    2002f800    00000800   00000000    rw- .stack


SECTION ALLOCATION MAP

 output                                  attributes/
section   page    origin      length       input sections
--------  ----  ----------  ----------   ----------------
.intvecs   0    20004000    00000400     
                  20004000    00000400     startup_ccs.obj (.intvecs)

.init_array 
*          0    20004000    00000000     UNINITIALIZED

.text      0    20004400    00001222     
                  20004400    00000398     gpio_if.obj (.text)
                  20004798    00000198     timer_if.obj (.text)
                  20004930    00000178     driverlib.a : prcm.obj (.text:PRCMCC3200MCUInit)
                  20004aa8    000000f4     main.obj (.text)
                  20004b9c    000000e2     pin_mux_config.obj (.text)
                  20004c7e    00000002     driverlib.a : interrupt.obj (.text:IntDefaultHandler)
                  20004c80    000000a8                 : interrupt.obj (.text:IntDisable)
                  20004d28    000000a8                 : interrupt.obj (.text:IntEnable)
                  20004dd0    0000009c     rtsv7M4_T_le_eabi.lib : memcpy_t2.asm.obj (.text)
                  20004e6c    00000088     driverlib.a : pin.obj (.text:PinConfigSet)
                  20004ef4    00000082                 : gpio.obj (.text:GPIOIntTypeSet)
                  20004f76    00000002     --HOLE-- [fill = 0]
                  20004f78    00000070                 : timer.obj (.text:TimerIntRegister)
                  20004fe8    00000068                 : timer.obj (.text:TimerIntUnregister)
                  20005050    00000068     rtsv7M4_T_le_eabi.lib : copy_decompress_lzss.c.obj (.text:decompress:lzss:__TI_decompress_lzss)
                  200050b8    00000058     driverlib.a : prcm.obj (.text:PRCMPeripheralReset)
                  20005110    00000054                 : interrupt.obj (.text:IntPrioritySet)
                  20005164    00000048                 : gpio.obj (.text:GPIOGetIntNumber)
                  200051ac    00000044                 : timer.obj (.text:TimerConfigure)
                  200051f0    00000044     rtsv7M4_T_le_eabi.lib : autoinit.c.obj (.text:__TI_auto_init_nobinit_nopinit:__TI_auto_init_nobinit_nopinit)
                  20005234    00000040     driverlib.a : pin.obj (.text:PinModeSet)
                  20005274    0000003c                 : prcm.obj (.text:PRCMPeripheralClkEnable)
                  200052b0    00000036                 : gpio.obj (.text:GPIODirModeSet)
                  200052e6    00000030                 : pin.obj (.text:PinTypeGPIO)
                  20005316    00000002     --HOLE-- [fill = 0]
                  20005318    0000002c                 : prcm.obj (.text:PRCMSysResetCauseGet)
                  20005344    0000002a                 : timer.obj (.text:TimerLoadSet)
                  2000536e    0000002a                 : timer.obj (.text:TimerPrescaleSet)
                  20005398    00000028                 : prcm.obj (.text:PRCMPeripheralClkDisable)
                  200053c0    00000024                 : interrupt.obj (.text:IntUnregister)
                  200053e4    00000024     rtsv7M4_T_le_eabi.lib : boot_cortex_m.c.obj (.text:_c_int00_noargs:_c_int00_noargs)
                  20005408    00000020     driverlib.a : gpio.obj (.text:GPIOPinWrite)
                  20005428    00000020                 : interrupt.obj (.text:IntRegister)
                  20005448    0000001e                 : gpio.obj (.text:GPIOIntRegister)
                  20005466    0000001e                 : timer.obj (.text:TimerDisable)
                  20005484    0000001e                 : timer.obj (.text:TimerEnable)
                  200054a2    0000001e                 : timer.obj (.text:TimerIntStatus)
                  200054c0    0000001c                 : timer.obj (.text:TimerValueGet)
                  200054dc    0000001c     rtsv7M4_T_le_eabi.lib : copy_zero_init.c.obj (.text:decompress:ZI:__TI_zero_init_nomemset:__TI_zero_init_nomemset)
                  200054f8    0000001a     driverlib.a : gpio.obj (.text:GPIOIntEnable)
                  20005512    0000001a                 : pin.obj (.text:PinTypeUART)
                  2000552c    00000018                 : gpio.obj (.text:GPIOPinRead)
                  20005544    00000018                 : timer.obj (.text:TimerIntDisable)
                  2000555c    00000018                 : timer.obj (.text:TimerIntEnable)
                  20005574    00000016                 : prcm.obj (.text:PRCMHIBRegRead)
                  2000558a    00000016                 : prcm.obj (.text:PRCMHIBRegWrite)
                  200055a0    00000014                 : cpu.obj (.text:CPUcpsie)
                  200055b4    00000014                 : gpio.obj (.text:GPIOIntClear)
                  200055c8    00000014                 : interrupt.obj (.text:IntVTableBaseSet)
                  200055dc    00000012                 : timer.obj (.text:TimerIntClear)
                  200055ee    0000000e     rtsv7M4_T_le_eabi.lib : copy_decompress_none.c.obj (.text:decompress:none:__TI_decompress_none)
                  200055fc    0000000e     startup_ccs.obj (.text)
                  2000560a    0000000a     driverlib.a : interrupt.obj (.text:IntMasterEnable)
                  20005614    00000006                 : utils.obj (.text:UtilsDelay)
                  2000561a    00000004     rtsv7M4_T_le_eabi.lib : pre_init.c.obj (.text:_system_pre_init)
                  2000561e    00000004                           : exit.c.obj (.text:abort:abort)

.const     0    20005624    000002ac     
                  20005624    00000100     driverlib.a : pin.obj (.const:g_ulPinToPadMap)
                  20005724    000000d4                 : interrupt.obj (.const:g_pulRegs)
                  200057f8    000000a8                 : prcm.obj (.const:PRCM_PeriphRegsList)
                  200058a0    00000018                 : interrupt.obj (.const:g_pulDisRegs)
                  200058b8    00000018                 : interrupt.obj (.const:g_pulEnRegs)

.cinit     0    200058d0    00000040     
                  200058d0    00000017     (.cinit..data.load) [load image, compression = lzss]
                  200058e7    00000001     --HOLE-- [fill = 0]
                  200058e8    0000000c     (__TI_handler_table)
                  200058f4    00000004     --HOLE-- [fill = 0]
                  200058f8    00000008     (.cinit..bss.load) [load image, compression = zero_init]
                  20005900    00000010     (__TI_cinit_table)

.sysmem    0    20017000    00000800     UNINITIALIZED
                  20017000    00000010     rtsv7M4_T_le_eabi.lib : memory.c.obj (.sysmem)
                  20017010    000007f0     --HOLE--

.data      0    20017800    00000024     UNINITIALIZED
                  20017800    00000014     gpio_if.obj (.data:ulReg)
                  20017814    0000000c     gpio_if.obj (.data)
                  20017820    00000004     main.obj (.data)

.bss       0    20017824    0000000f     UNINITIALIZED
                  20017824    00000008     main.obj (.bss)
                  2001782c    00000004     (.common:g_ulTimerInts)
                  20017830    00000001     (.common:g_ucLED1Pin)
                  20017831    00000001     (.common:g_ucLED2Pin)
                  20017832    00000001     (.common:g_ucLED3Pin)

.stack     0    2002f800    00000800     UNINITIALIZED
                  2002f800    00000004     rtsv7M4_T_le_eabi.lib : boot_cortex_m.c.obj (.stack)
                  2002f804    000007fc     --HOLE--

__llvm_prf_cnts 
*          0    20017000    00000000     UNINITIALIZED

MODULE SUMMARY

       Module                       code   ro data   rw data
       ------                       ----   -------   -------
    .\
       startup_ccs.obj              14     1024      0      
       gpio_if.obj                  920    0         35     
       timer_if.obj                 408    0         0      
       main.obj                     244    0         16     
       pin_mux_config.obj           226    0         0      
    +--+----------------------------+------+---------+---------+
       Total:                       1812   1024      51     
                                                            
    C:/TI/CC3200SDK_1.5.0/cc3200-sdk/driverlib/ccs/Release/driverlib.a
       prcm.obj                     652    168       0      
       interrupt.obj                520    260       0      
       timer.obj                    552    0         0      
       pin.obj                      274    256       0      
       gpio.obj                     388    0         0      
       cpu.obj                      20     0         0      
       utils.obj                    6      0         0      
    +--+----------------------------+------+---------+---------+
       Total:                       2412   684       0      
                                                            
    C:\TI\ccs1250\ccs\tools\compiler\ti-cgt-arm_20.2.7.LTS\lib\rtsv7M4_T_le_eabi.lib
       memcpy_t2.asm.obj            156    0         0      
       copy_decompress_lzss.c.obj   104    0         0      
       autoinit.c.obj               68     0         0      
       boot_cortex_m.c.obj          36     0         0      
       copy_zero_init.c.obj         28     0         0      
       copy_decompress_none.c.obj   14     0         0      
       exit.c.obj                   4      0         0      
       pre_init.c.obj               4      0         0      
    +--+----------------------------+------+---------+---------+
       Total:                       414    0         0      
                                                            
       Heap:                        0      0         2048   
       Stack:                       0      0         2048   
       Linker Generated:            0      59        0      
    +--+----------------------------+------+---------+---------+
       Grand Total:                 4638   1767      4147   


LINKER GENERATED COPY TABLES

__TI_cinit_table @ 20005900 records: 2, size/record: 8, table size: 16
	.data: load addr=200058d0, load size=00000017 bytes, run addr=20017800, run size=00000024 bytes, compression=lzss
	.bss: load addr=200058f8, load size=00000008 bytes, run addr=20017824, run size=0000000f bytes, compression=zero_init


LINKER GENERATED HANDLER TABLE

__TI_handler_table @ 200058e8 records: 3, size/record: 4, table size: 12
	index: 0, handler: __TI_decompress_lzss
	index: 1, handler: __TI_decompress_none
	index: 2, handler: __TI_zero_init


GLOBAL SYMBOLS: SORTED ALPHABETICALLY BY Name 

address   name                          
-------   ----                          
2000561f  C$$EXIT                       
200055a1  CPUcpsie                      
200052b1  GPIODirModeSet                
200055b5  GPIOIntClear                  
200054f9  GPIOIntEnable                 
20005449  GPIOIntRegister               
20004ef5  GPIOIntTypeSet                
2000552d  GPIOPinRead                   
20005409  GPIOPinWrite                  
200046c1  GPIO_IF_ConfigureNIntEnable   
2000474d  GPIO_IF_Get                   
2000467b  GPIO_IF_GetPortNPin           
2000443d  GPIO_IF_LedConfigure          
2000452f  GPIO_IF_LedOff                
2000447b  GPIO_IF_LedOn                 
200045e3  GPIO_IF_LedStatus             
2000464d  GPIO_IF_LedToggle             
20004709  GPIO_IF_Set                   
20004c81  IntDisable                    
20004d29  IntEnable                     
2000560b  IntMasterEnable               
20005111  IntPrioritySet                
20005429  IntRegister                   
200053c1  IntUnregister                 
200055c9  IntVTableBaseSet              
20004931  PRCMCC3200MCUInit             
20005575  PRCMHIBRegRead                
2000558b  PRCMHIBRegWrite               
20005399  PRCMPeripheralClkDisable      
20005275  PRCMPeripheralClkEnable       
200050b9  PRCMPeripheralReset           
20005319  PRCMSysResetCauseGet          
20004e6d  PinConfigSet                  
20005235  PinModeSet                    
20004b9d  PinMuxConfig                  
200052e7  PinTypeGPIO                   
20005513  PinTypeUART                   
200055fd  ResetISR                      
20004aa9  TimerBaseIntHandler           
200051ad  TimerConfigure                
20005467  TimerDisable                  
20005485  TimerEnable                   
200055dd  TimerIntClear                 
20005545  TimerIntDisable               
2000555d  TimerIntEnable                
20004f79  TimerIntRegister              
200054a3  TimerIntStatus                
20004fe9  TimerIntUnregister            
20005345  TimerLoadSet                  
2000536f  TimerPrescaleSet              
20004ac3  TimerRefIntHandler            
200054c1  TimerValueGet                 
200048df  Timer_IF_DeInit               
20004911  Timer_IF_GetCount             
20004819  Timer_IF_Init                 
2000484b  Timer_IF_IntSetup             
20004897  Timer_IF_InterruptClear       
200048f9  Timer_IF_ReLoad               
200048af  Timer_IF_Start                
200048cf  Timer_IF_Stop                 
20005615  UtilsDelay                    
20030000  __STACK_END                   
00000800  __STACK_SIZE                  
00000800  __SYSMEM_SIZE                 
20005900  __TI_CINIT_Base               
20005910  __TI_CINIT_Limit              
200058e8  __TI_Handler_Table_Base       
200058f4  __TI_Handler_Table_Limit      
200051f1  __TI_auto_init_nobinit_nopinit
20005051  __TI_decompress_lzss          
200055ef  __TI_decompress_none          
ffffffff  __TI_pprof_out_hndl           
ffffffff  __TI_prof_data_size           
ffffffff  __TI_prof_data_start          
200058d0  __TI_static_base__            
200054dd  __TI_zero_init_nomemset       
20004dd1  __aeabi_memcpy                
20004dd1  __aeabi_memcpy4               
20004dd1  __aeabi_memcpy8               
ffffffff  __binit__                     
ffffffff  __c_args__                    
UNDEFED   __mpu_init                    
2002f800  __stack                       
20017000  __start___llvm_prf_cnts       
20017000  __stop___llvm_prf_cnts        
200053e5  _c_int00_noargs               
20017000  _sys_memory                   
UNDEFED   _system_post_cinit            
2000561b  _system_pre_init              
2000561f  abort                         
ffffffff  binit                         
20004000  g_pfnVectors                  
20017830  g_ucLED1Pin                   
20017831  g_ucLED2Pin                   
20017832  g_ucLED3Pin                   
20017814  g_uiLED1Port                  
20017818  g_uiLED2Port                  
2001781c  g_uiLED3Port                  
2001782c  g_ulTimerInts                 
20004af5  main                          
20004dd1  memcpy                        


GLOBAL SYMBOLS: SORTED BY Symbol Address 

address   name                          
-------   ----                          
00000800  __STACK_SIZE                  
00000800  __SYSMEM_SIZE                 
20004000  g_pfnVectors                  
2000443d  GPIO_IF_LedConfigure          
2000447b  GPIO_IF_LedOn                 
2000452f  GPIO_IF_LedOff                
200045e3  GPIO_IF_LedStatus             
2000464d  GPIO_IF_LedToggle             
2000467b  GPIO_IF_GetPortNPin           
200046c1  GPIO_IF_ConfigureNIntEnable   
20004709  GPIO_IF_Set                   
2000474d  GPIO_IF_Get                   
20004819  Timer_IF_Init                 
2000484b  Timer_IF_IntSetup             
20004897  Timer_IF_InterruptClear       
200048af  Timer_IF_Start                
200048cf  Timer_IF_Stop                 
200048df  Timer_IF_DeInit               
200048f9  Timer_IF_ReLoad               
20004911  Timer_IF_GetCount             
20004931  PRCMCC3200MCUInit             
20004aa9  TimerBaseIntHandler           
20004ac3  TimerRefIntHandler            
20004af5  main                          
20004b9d  PinMuxConfig                  
20004c81  IntDisable                    
20004d29  IntEnable                     
20004dd1  __aeabi_memcpy                
20004dd1  __aeabi_memcpy4               
20004dd1  __aeabi_memcpy8               
20004dd1  memcpy                        
20004e6d  PinConfigSet                  
20004ef5  GPIOIntTypeSet                
20004f79  TimerIntRegister              
20004fe9  TimerIntUnregister            
20005051  __TI_decompress_lzss          
200050b9  PRCMPeripheralReset           
20005111  IntPrioritySet                
200051ad  TimerConfigure                
200051f1  __TI_auto_init_nobinit_nopinit
20005235  PinModeSet                    
20005275  PRCMPeripheralClkEnable       
200052b1  GPIODirModeSet                
200052e7  PinTypeGPIO                   
20005319  PRCMSysResetCauseGet          
20005345  TimerLoadSet                  
2000536f  TimerPrescaleSet              
20005399  PRCMPeripheralClkDisable      
200053c1  IntUnregister                 
200053e5  _c_int00_noargs               
20005409  GPIOPinWrite                  
20005429  IntRegister                   
20005449  GPIOIntRegister               
20005467  TimerDisable                  
20005485  TimerEnable                   
200054a3  TimerIntStatus                
200054c1  TimerValueGet                 
200054dd  __TI_zero_init_nomemset       
200054f9  GPIOIntEnable                 
20005513  PinTypeUART                   
2000552d  GPIOPinRead                   
20005545  TimerIntDisable               
2000555d  TimerIntEnable                
20005575  PRCMHIBRegRead                
2000558b  PRCMHIBRegWrite               
200055a1  CPUcpsie                      
200055b5  GPIOIntClear                  
200055c9  IntVTableBaseSet              
200055dd  TimerIntClear                 
200055ef  __TI_decompress_none          
200055fd  ResetISR                      
2000560b  IntMasterEnable               
20005615  UtilsDelay                    
2000561b  _system_pre_init              
2000561f  C$$EXIT                       
2000561f  abort                         
200058d0  __TI_static_base__            
200058e8  __TI_Handler_Table_Base       
200058f4  __TI_Handler_Table_Limit      
20005900  __TI_CINIT_Base               
20005910  __TI_CINIT_Limit              
20017000  __start___llvm_prf_cnts       
20017000  __stop___llvm_prf_cnts        
20017000  _sys_memory                   
20017814  g_uiLED1Port                  
20017818  g_uiLED2Port                  
2001781c  g_uiLED3Port                  
2001782c  g_ulTimerInts                 
20017830  g_ucLED1Pin                   
20017831  g_ucLED2Pin                   
20017832  g_ucLED3Pin                   
2002f800  __stack                       
20030000  __STACK_END                   
ffffffff  __TI_pprof_out_hndl           
ffffffff  __TI_prof_data_size           
ffffffff  __TI_prof_data_start          
ffffffff  __binit__                     
ffffffff  __c_args__                    
ffffffff  binit                         
UNDEFED   __mpu_init                    
UNDEFED   _system_post_cinit            

[101 symbols]
